******************************************************************************
                  TI ARM Linker PC v20.2.1                     
******************************************************************************
>> Linked Fri Dec 11 08:05:13 2020

OUTPUT FILE NAME:   <tcp_socket.out>
ENTRY POINT SYMBOL: "_c_int00_noargs"  address: 2000d43d


MEMORY CONFIGURATION

         name            origin    length      used     unused   attr    fill
----------------------  --------  ---------  --------  --------  ----  --------
  SRAM_CODE             20004000   00013000  0000a02a  00008fd6  RW X
  SRAM_DATA             20017000   00019000  00001d8c  00017274  RW X


SEGMENT ALLOCATION MAP

run origin  load origin   length   init length attrs members
----------  ----------- ---------- ----------- ----- -------
20004000    20004000    0000a030   0000a030    r-x
  20004000    20004000    00000400   00000400    r-- .intvecs
  20004400    20004400    000095e2   000095e2    r-x .text
  2000d9e4    2000d9e4    000005e0   000005e0    r-- .const
  2000dfc8    2000dfc8    00000068   00000068    r-- .cinit
20017000    20017000    00001590   00000000    rw-
  20017000    20017000    00000c74   00000000    rw- .bss
  20017c78    20017c78    00000800   00000000    rw- .sysmem
  20018478    20018478    00000118   00000000    rw- .data
2002f800    2002f800    00000800   00000000    rw-
  2002f800    2002f800    00000800   00000000    rw- .stack


SECTION ALLOCATION MAP

 output                                  attributes/
section   page    origin      length       input sections
--------  ----  ----------  ----------   ----------------
.intvecs   0    20004000    00000400     
                  20004000    00000400     startup_ccs.obj (.intvecs)

.init_array 
*          0    20004000    00000000     UNINITIALIZED

.text      0    20004400    000095e2     
                  20004400    000015f4     main.obj (.text)
                  200059f4    00000a4e     rtsv7M4_T_le_eabi.lib : _printfi.c.obj (.text:__TI_printfi)
                  20006442    00000002     driverlib.a : interrupt.obj (.text:IntDefaultHandler)
                  20006444    00000858     modbus.obj (.text)
                  20006c9c    00000590     simplelink.a : driver.obj (.text:_SlDrvMsgRead)
                  2000722c    00000280                  : wlan.obj (.text:sl_WlanConnect)
                  200074ac    0000027c     uart_if.obj (.text)
                  20007728    00000268     rtsv7M4_T_le_eabi.lib : _printfi.c.obj (.text:_pconv_a)
                  20007990    00000248     simplelink.a : driver.obj (.text:_SlDrvRxHdrRead)
                  20007bd8    000001e4                  : driver.obj (.text:_SlDrvDataReadOp)
                  20007dbc    000001d0                  : driver.obj (.text:_SlDrvReleasePoolObj)
                  20007f8c    000001cc     rtsv7M4_T_le_eabi.lib : _printfi.c.obj (.text:_pconv_g)
                  20008158    000001cc     udma_if.obj (.text)
                  20008324    000001bc     simplelink.a : socket.obj (.text:sl_Accept)
                  200084e0    000001b6     rtsv7M4_T_le_eabi.lib : fd_add_t2.asm.obj (.text)
                  20008696    00000002                           : _lock.c.obj (.text:_nop)
                  20008698    000001b4     simplelink.a : driver.obj (.text:_SlDrvDriverCBInit)
                  2000884c    0000019c                  : driver.obj (.text:_SlDrvMsgWrite)
                  200089e8    00000190                  : driver.obj (.text:_SlDrvWaitForPoolObj)
                  20008b78    0000018c                  : socket.obj (.text:sl_Connect)
                  20008d04    00000178     driverlib.a : prcm.obj (.text:PRCMCC3200MCUInit)
                  20008e7c    00000170     simplelink.a : driver.obj (.text:_SlFindAndSetActiveObj)
                  20008fec    00000150                  : driver.obj (.text:_SlDrvDataWriteOp)
                  2000913c    00000148                  : cc_pal.obj (.text:spi_Open)
                  20009284    00000144                  : driver.obj (.text:_SlDrvMsgReadCmdCtx)
                  200093c8    0000013c     rtsv7M4_T_le_eabi.lib : _printfi.c.obj (.text:_pconv_e)
                  20009504    00000136                           : fd_div_t2.asm.obj (.text)
                  2000963a    00000002                           : div0.asm.obj (.text)
                  2000963c    00000134     simplelink.a : socket.obj (.text:sl_Send)
                  20009770    00000130                  : driver.obj (.text:_SlDrvDriverCBDeinit)
                  200098a0    00000120     rtsv7M4_T_le_eabi.lib : _printfi.c.obj (.text:fcvt)
                  200099c0    00000110                           : strtoul.c.obj (.text:strtoul)
                  20009ad0    00000108                           : memory.c.obj (.text:aligned_alloc)
                  20009bd8    00000104     simplelink.a : netapp.obj (.text:_SlDrvNetAppEventHandler)
                  20009cdc    000000fc     rtsv7M4_T_le_eabi.lib : fd_mul_t2.asm.obj (.text)
                  20009dd8    000000f0     simplelink.a : device.obj (.text:sl_Start)
                  20009ec8    000000f0                  : device.obj (.text:sl_Stop)
                  20009fb8    000000f0                  : cc_pal.obj (.text:spi_Read)
                  2000a0a8    000000f0     driverlib.a : udma.obj (.text:uDMAChannelTransferSet)
                  2000a198    000000e8     simplelink.a : driver.obj (.text:_SlAsyncEventGenericHandler)
                  2000a280    000000e8                  : driver.obj (.text:_SlDrvMsgReadSpawnCtx)
                  2000a368    000000e4     rtsv7M4_T_le_eabi.lib : memory.c.obj (.text:free)
                  2000a44c    000000e4                           : memory.c.obj (.text:realloc)
                  2000a530    000000e4     simplelink.a : netapp.obj (.text:sl_NetAppMDNSRegisterUnregisterService)
                  2000a614    000000dc                  : driver.obj (.text:_SlDrvClassifyRxMsg)
                  2000a6f0    000000d0     rtsv7M4_T_le_eabi.lib : s_scalbn.c.obj (.text:scalbn)
                  2000a7c0    000000cc     simplelink.a : netapp.obj (.text:_sl_HandleAsync_DnsGetHostByService)
                  2000a88c    000000cc                  : device.obj (.text:sl_DevGet)
                  2000a958    000000c4                  : driver.obj (.text:_SlRemoveFromList)
                  2000aa1c    000000c0                  : driver.obj (.text:_SlDrvCmdOp)
                  2000aadc    000000b8                  : socket.obj (.text:sl_Bind)
                  2000ab94    000000b1     rtsv7M4_T_le_eabi.lib : _printfi.c.obj (.text:_ltostr)
                  2000ac45    00000003     --HOLE-- [fill = 0]
                  2000ac48    000000b0     simplelink.a : nonos.obj (.text:_SlNonOsSemGet)
                  2000acf8    000000a8     driverlib.a : interrupt.obj (.text:IntDisable)
                  2000ada0    000000a8                 : interrupt.obj (.text:IntEnable)
                  2000ae48    000000a4     simplelink.a : driver.obj (.text:_SlDriverHandleError)
                  2000aeec    000000a0     driverlib.a : spi.obj (.text:SPIConfigSetExpClk)
                  2000af8c    000000a0     simplelink.a : socket.obj (.text:sl_Recv)
                  2000b02c    0000009c     rtsv7M4_T_le_eabi.lib : memcpy_t2.asm.obj (.text)
                  2000b0c8    0000009a     simplelink.a : device.obj (.text:_SlDrvDeviceEventHandler)
                  2000b162    00000002     --HOLE-- [fill = 0]
                  2000b164    00000098                  : netcfg.obj (.text:sl_NetCfgSet)
                  2000b1fc    00000098                  : socket.obj (.text:sl_SetSockOpt)
                  2000b294    00000098                  : wlan.obj (.text:sl_WlanSet)
                  2000b32c    00000098                  : cc_pal.obj (.text:spi_Write)
                  2000b3c4    00000096     rtsv7M4_T_le_eabi.lib : ull_div_t2.asm.obj (.text)
                  2000b45a    00000002     --HOLE-- [fill = 0]
                  2000b45c    00000094     driverlib.a : prcm.obj (.text:PRCMPeripheralClockGet)
                  2000b4f0    00000090     simplelink.a : netapp.obj (.text:_sl_HandleAsync_DnsGetHostByName)
                  2000b580    00000090                  : netapp.obj (.text:_sl_HandleAsync_PingResponse)
                  2000b610    00000090                  : wlan.obj (.text:sl_WlanPolicySet)
                  2000b6a0    0000008c                  : cc_pal.obj (.text:SetupDMAReceive)
                  2000b72c    0000008c                  : cc_pal.obj (.text:SetupDMASend)
                  2000b7b8    0000008c                  : driver.obj (.text:_SlDrvIsTimeoutExpired)
                  2000b844    0000008c                  : device.obj (.text:_sl_HandleAsync_InitComplete)
                  2000b8d0    0000008c                  : socket.obj (.text:sl_Socket)
                  2000b95c    00000088     driverlib.a : pin.obj (.text:PinConfigSet)
                  2000b9e4    00000086     rtsv7M4_T_le_eabi.lib : fd_cmp_t2.asm.obj (.text:__aeabi_cdcmple)
                  2000ba6a    00000086                           : fd_cmp_t2.asm.obj (.text:__aeabi_cdrcmple)
                  2000baf0    00000084     simplelink.a : cc_pal.obj (.text:NwpPowerOnPreamble)
                  2000bb74    00000084                  : wlan.obj (.text:sl_WlanRxFilterSet)
                  2000bbf8    00000080                  : socket.obj (.text:_sl_HandleAsync_Connect)
                  2000bc78    00000080                  : cc_pal.obj (.text:spi_Read_CPU)
                  2000bcf8    00000080                  : cc_pal.obj (.text:spi_Write_CPU)
                  2000bd78    0000007a     rtsv7M4_T_le_eabi.lib : memset_t2.asm.obj (.text)
                  2000bdf2    00000002     --HOLE-- [fill = 0]
                  2000bdf4    00000078     simplelink.a : cc_pal.obj (.text:spi_Close)
                  2000be6c    00000076     driverlib.a : uart.obj (.text:UARTConfigSetExpClk)
                  2000bee2    00000002     --HOLE-- [fill = 0]
                  2000bee4    00000074     simplelink.a : nonos.obj (.text:_SlNonOsMainLoopTask)
                  2000bf58    00000070     rtsv7M4_T_le_eabi.lib : memory.c.obj (.text:split)
                  2000bfc8    0000006e                           : _printfi.c.obj (.text:_mcpy)
                  2000c036    00000002     --HOLE-- [fill = 0]
                  2000c038    0000006c     simplelink.a : driver.obj (.text:_SlDrvCmdSend)
                  2000c0a4    0000006c                  : netapp.obj (.text:_sl_NetAppSendTokenValue)
                  2000c110    0000006c                  : socket.obj (.text:sl_Listen)
                  2000c17c    00000068     rtsv7M4_T_le_eabi.lib : copy_decompress_lzss.c.obj (.text:decompress:lzss:__TI_decompress_lzss)
                  2000c1e4    00000064     simplelink.a : nonos.obj (.text:_SlNonOsSpawn)
                  2000c248    00000064                  : socket.obj (.text:_sl_HandleAsync_Accept)
                  2000c2ac    00000064                  : netapp.obj (.text:sl_NetAppMDNSUnRegisterService)
                  2000c310    00000064     driverlib.a : udma.obj (.text:uDMAChannelAttributeDisable)
                  2000c374    00000064                 : udma.obj (.text:uDMAChannelAttributeEnable)
                  2000c3d8    00000060     simplelink.a : socket.obj (.text:sl_Close)
                  2000c438    00000060                  : wlan.obj (.text:sl_WlanProfileDel)
                  2000c498    00000060                  : wlan.obj (.text:sl_WlanSetMode)
                  2000c4f8    0000005c     rtsv7M4_T_le_eabi.lib : s_frexp.c.obj (.text:frexp)
                  2000c554    00000058     driverlib.a : interrupt.obj (.text:IntPendClear)
                  2000c5ac    00000058                 : prcm.obj (.text:PRCMPeripheralReset)
                  2000c604    00000056     rtsv7M4_T_le_eabi.lib : _printfi.c.obj (.text:_pconv_f)
                  2000c65a    00000002     --HOLE-- [fill = 0]
                  2000c65c    00000054     driverlib.a : interrupt.obj (.text:IntPrioritySet)
                  2000c6b0    00000054     simplelink.a : driver.obj (.text:_SlDrvRxIrqHandler)
                  2000c704    00000054     rtsv7M4_T_le_eabi.lib : _ltoa.c.obj (.text:__TI_ltoa)
                  2000c758    00000054     simplelink.a : socket.obj (.text:_sl_HandleAsync_Select)
                  2000c7ac    00000052     rtsv7M4_T_le_eabi.lib : _printfi.c.obj (.text:_ecpy)
                  2000c7fe    00000002     --HOLE-- [fill = 0]
                  2000c800    00000050     simplelink.a : device.obj (.text:_sl_HandleAsync_Stop)
                  2000c850    0000004c     driverlib.a : spi.obj (.text:SPIIntEnable)
                  2000c89c    0000004c                 : spi.obj (.text:SPIIntNumberGet)
                  2000c8e8    0000004c     simplelink.a : driver.obj (.text:_SlDrvProtectAsyncRespSetting)
                  2000c934    0000004c                  : socket.obj (.text:_sl_BuildAddress)
                  2000c980    0000004c     rtsv7M4_T_le_eabi.lib : atoi.c.obj (.text:atoi)
                  2000c9cc    0000004c     driverlib.a : udma.obj (.text:uDMAChannelAssign)
                  2000ca18    00000048                 : spi.obj (.text:SPIIntClear)
                  2000ca60    00000048     simplelink.a : driver.obj (.text:_SlDrvBasicCmd)
                  2000caa8    00000048     rtsv7M4_T_le_eabi.lib : fd_toi_t2.asm.obj (.text)
                  2000caf0    00000044     driverlib.a : spi.obj (.text:SPIDmaMaskGet)
                  2000cb34    00000044                 : timer.obj (.text:TimerConfigure)
                  2000cb78    00000044     simplelink.a : driver.obj (.text:_SlDrvHandleHttpServerEvents)
                  2000cbbc    00000044                  : driver.obj (.text:_SlDrvSyncObjWaitTimeout)
                  2000cc00    00000044     rtsv7M4_T_le_eabi.lib : autoinit.c.obj (.text:__TI_auto_init_nobinit_nopinit:__TI_auto_init_nobinit_nopinit)
                  2000cc44    00000044     simplelink.a : cc_pal.obj (.text:cc_SetupTransfer)
                  2000cc88    00000042                  : socket.obj (.text:sl_Htonl)
                  2000ccca    00000002     --HOLE-- [fill = 0]
                  2000cccc    00000040     driverlib.a : pin.obj (.text:PinModeSet)
                  2000cd0c    00000040     simplelink.a : driver.obj (.text:_SlDrvHandleNetAppEvents)
                  2000cd4c    00000040                  : driver.obj (.text:_SlDrvHandleWlanEvents)
                  2000cd8c    00000040                  : socket.obj (.text:_sl_TruncatePayloadByProtocol)
                  2000cdcc    00000040     rtsv7M4_T_le_eabi.lib : strtok.c.obj (.text:strtok)
                  2000ce0c    00000040                           : vsnprintf.c.obj (.text:vsnprintf)
                  2000ce4c    0000003e     simplelink.a : cc_pal.obj (.text:NwpRegisterInterruptHandler)
                  2000ce8a    0000003e     rtsv7M4_T_le_eabi.lib : _printfi.c.obj (.text:_fcpy)
                  2000cec8    0000003c     simplelink.a : netapp.obj (.text:CopyPingResultsToReport)
                  2000cf04    0000003c     driverlib.a : prcm.obj (.text:PRCMPeripheralClkEnable)
                  2000cf40    0000003c     simplelink.a : cc_pal.obj (.text:simplelink_timerA2_start)
                  2000cf7c    0000003c                  : socket.obj (.text:sl_Htons)
                  2000cfb8    0000003c     driverlib.a : udma.obj (.text:uDMAChannelControlSet)
                  2000cff4    00000038     simplelink.a : cc_pal.obj (.text:NwpPowerOff)
                  2000d02c    00000038                  : wlan.obj (.text:sl_WlanDisconnect)
                  2000d064    00000034                  : cc_pal.obj (.text:NwpPowerOn)
                  2000d098    00000034     driverlib.a : prcm.obj (.text:PRCMPeripheralStatusGet)
                  2000d0cc    00000034                 : spi.obj (.text:SPIFIFOLevelSet)
                  2000d100    00000030                 : uart.obj (.text:UARTDisable)
                  2000d130    00000030     rtsv7M4_T_le_eabi.lib : vsnprintf.c.obj (.text:_outs)
                  2000d160    0000002e                           : i_tofd_t2.asm.obj (.text)
                  2000d18e    00000002     --HOLE-- [fill = 0]
                  2000d190    0000002c     driverlib.a : prcm.obj (.text:PRCMSysResetCauseGet)
                  2000d1bc    0000002c     simplelink.a : driver.obj (.text:_SlDrvObjGlobalLockWaitForever)
                  2000d1e8    0000002c                  : driver.obj (.text:_SlDrvProtectionObjLockWaitForever)
                  2000d214    0000002a     driverlib.a : timer.obj (.text:TimerLoadSet)
                  2000d23e    0000002a                 : timer.obj (.text:TimerPrescaleSet)
                  2000d268    0000002a     rtsv7M4_T_le_eabi.lib : strspn.c.obj (.text:strspn)
                  2000d292    00000002     --HOLE-- [fill = 0]
                  2000d294    00000028     driverlib.a : prcm.obj (.text:PRCMPeripheralClkDisable)
                  2000d2bc    00000028     simplelink.a : driver.obj (.text:_SlDrvGlobalObjUnLock)
                  2000d2e4    00000028                  : driver.obj (.text:_SlDrvProtectionObjUnLock)
                  2000d30c    00000028                  : driver.obj (.text:_SlDrvSyncObjWaitForever)
                  2000d334    00000028     rtsv7M4_T_le_eabi.lib : memory.c.obj (.text:free_list_insert)
                  2000d35c    00000028                           : memmov.c.obj (.text:memmove)
                  2000d384    00000026     simplelink.a : driver.obj (.text:_SlDrvObjLockWaitForever)
                  2000d3aa    00000026     network_common.obj (.text)
                  2000d3d0    00000024     simplelink.a : cc_pal.obj (.text:DmaSpiSwIntHandler)
                  2000d3f4    00000024     driverlib.a : interrupt.obj (.text:IntUnregister)
                  2000d418    00000024                 : uart.obj (.text:UARTEnable)
                  2000d43c    00000024     rtsv7M4_T_le_eabi.lib : boot_cortex_m.c.obj (.text:_c_int00_noargs:_c_int00_noargs)
                  2000d460    00000024                           : strcspn.c.obj (.text:strcspn)
                  2000d484    00000022     driverlib.a : spi.obj (.text:SPIReset)
                  2000d4a6    00000022                 : spi.obj (.text:SPIWordCountSet)
                  2000d4c8    00000020                 : interrupt.obj (.text:IntRegister)
                  2000d4e8    00000020     simplelink.a : cc_pal.obj (.text:NwpPrePowerOffTimout0)
                  2000d508    00000020                  : cc_pal.obj (.text:TimerGetCurrentTimestamp)
                  2000d528    00000020                  : driver.obj (.text:_SlDrvObjUnLock)
                  2000d548    00000020                  : driver.obj (.text:_SlDrvSyncObjSignal)
                  2000d568    0000001e     driverlib.a : timer.obj (.text:TimerEnable)
                  2000d586    0000001e                 : uart.obj (.text:UARTCharPut)
                  2000d5a4    0000001e     simplelink.a : cc_pal.obj (.text:cc_UDMAChannelSelect)
                  2000d5c2    0000001c     driverlib.a : timer.obj (.text:TimerValueGet)
                  2000d5de    0000001c                 : uart.obj (.text:UARTCharGetNonBlocking)
                  2000d5fa    0000001c     simplelink.a : driver.obj (.text:_SlDrvStartMeasureTimeout)
                  2000d616    00000002     --HOLE-- [fill = 0]
                  2000d618    0000001c     rtsv7M4_T_le_eabi.lib : memory.c.obj (.text:free_list_remove)
                  2000d634    0000001c                           : memccpy.c.obj (.text:memccpy)
                  2000d650    0000001c     pinmux.obj (.text)
                  2000d66c    0000001c     driverlib.a : udma.obj (.text:uDMAChannelDisable)
                  2000d688    0000001c                 : udma.obj (.text:uDMAChannelEnable)
                  2000d6a4    0000001c                 : udma.obj (.text:uDMAChannelRequest)
                  2000d6c0    0000001a                 : pin.obj (.text:PinTypeUART)
                  2000d6da    0000001a                 : spi.obj (.text:SPIDmaDisable)
                  2000d6f4    0000001a                 : spi.obj (.text:SPIDmaEnable)
                  2000d70e    0000001a                 : spi.obj (.text:SPIFIFODisable)
                  2000d728    0000001a                 : spi.obj (.text:SPIFIFOEnable)
                  2000d742    0000001a                 : spi.obj (.text:SPIIntUnregister)
                  2000d75c    00000018                 : spi.obj (.text:SPICSDisable)
                  2000d774    00000018                 : spi.obj (.text:SPICSEnable)
                  2000d78c    00000018                 : spi.obj (.text:SPIDisable)
                  2000d7a4    00000018                 : spi.obj (.text:SPIEnable)
                  2000d7bc    00000018                 : uart.obj (.text:UARTCharsAvail)
                  2000d7d4    00000018     simplelink.a : nonos.obj (.text:_SlNonOsSemSet)
                  2000d7ec    00000018     rtsv7M4_T_le_eabi.lib : vsnprintf.c.obj (.text:_outc)
                  2000d804    00000018     simplelink.a : device.obj (.text:_sl_GetStartResponseConvert)
                  2000d81c    00000016     driverlib.a : prcm.obj (.text:PRCMHIBRegRead)
                  2000d832    00000016                 : prcm.obj (.text:PRCMHIBRegWrite)
                  2000d848    00000016                 : uart.obj (.text:UARTCharGet)
                  2000d85e    00000016     simplelink.a : driver.obj (.text:_SlDrvMemZero)
                  2000d874    00000016     rtsv7M4_T_le_eabi.lib : strchr.c.obj (.text:strchr)
                  2000d88a    00000016     driverlib.a : udma.obj (.text:uDMAIntRegister)
                  2000d8a0    00000014                 : cpu.obj (.text:CPUcpsie)
                  2000d8b4    00000014                 : interrupt.obj (.text:IntVTableBaseSet)
                  2000d8c8    00000014     rtsv7M4_T_le_eabi.lib : strlen.c.obj (.text:strlen)
                  2000d8dc    00000014     driverlib.a : udma.obj (.text:uDMAControlBaseSet)
                  2000d8f0    00000014                 : udma.obj (.text:uDMAIntClear)
                  2000d904    00000012                 : udma.obj (.text:uDMAIntUnregister)
                  2000d916    00000012     rtsv7M4_T_le_eabi.lib : wcslen.c.obj (.text:wcslen)
                  2000d928    00000010     simplelink.a : driver.obj (.text:_SlDrvDispatchHttpServerEvents)
                  2000d938    0000000e                  : driver.obj (.text:_SlDrvResetCmdExt)
                  2000d946    0000000e     rtsv7M4_T_le_eabi.lib : copy_decompress_none.c.obj (.text:decompress:none:__TI_decompress_none)
                  2000d954    0000000e     startup_ccs.obj (.text)
                  2000d962    00000002     --HOLE-- [fill = 0]
                  2000d964    0000000c     simplelink.a : cc_pal.obj (.text:NwpMaskInterrupt)
                  2000d970    0000000c                  : cc_pal.obj (.text:NwpUnMaskInterrupt)
                  2000d97c    0000000c     rtsv7M4_T_le_eabi.lib : s_copysign.c.obj (.text:copysign)
                  2000d988    0000000c                           : copy_zero_init.c.obj (.text:decompress:ZI:__TI_zero_init)
                  2000d994    0000000c     driverlib.a : udma.obj (.text:uDMADisable)
                  2000d9a0    0000000c                 : udma.obj (.text:uDMAEnable)
                  2000d9ac    0000000c                 : udma.obj (.text:uDMAIntStatus)
                  2000d9b8    0000000a                 : interrupt.obj (.text:IntMasterEnable)
                  2000d9c2    00000002     --HOLE-- [fill = 0]
                  2000d9c4    00000008     rtsv7M4_T_le_eabi.lib : errno.c.obj (.text:__aeabi_errno_addr)
                  2000d9cc    00000008                           : memory.c.obj (.text:malloc)
                  2000d9d4    00000006     driverlib.a : utils.obj (.text:UtilsDelay)
                  2000d9da    00000004     rtsv7M4_T_le_eabi.lib : pre_init.c.obj (.text:_system_pre_init)
                  2000d9de    00000004                           : exit.c.obj (.text:abort:abort)

.const     0    2000d9e4    000005e0     
                  2000d9e4    00000101     rtsv7M4_T_le_eabi.lib : ctype.c.obj (.const:.string:_ctypes_)
                  2000dae5    00000003     --HOLE-- [fill = 0]
                  2000dae8    00000100     driverlib.a : pin.obj (.const:g_ulPinToPadMap)
                  2000dbe8    000000d4                 : interrupt.obj (.const:g_pulRegs)
                  2000dcbc    000000a8                 : prcm.obj (.const:PRCM_PeriphRegsList)
                  2000dd64    0000003c     simplelink.a : driver.obj (.const:OpcodeTranslateTable)
                  2000dda0    00000038                  : driver.obj (.const:_SlActionLookupTable)
                  2000ddd8    0000002c     main.obj (.const:$P$T1$2)
                  2000de04    00000024     driverlib.a : spi.obj (.const:g_ppulSPIIntMap)
                  2000de28    00000022     main.obj (.const:.string:$P$T0$1)
                  2000de4a    00000002     --HOLE-- [fill = 0]
                  2000de4c    00000020     simplelink.a : driver.obj (.const:RxMsgClassLUT)
                  2000de6c    00000018     driverlib.a : interrupt.obj (.const:g_pulDisRegs)
                  2000de84    00000018                 : interrupt.obj (.const:g_pulEnRegs)
                  2000de9c    00000018                 : interrupt.obj (.const:g_pulUnpendRegs)
                  2000deb4    00000018                 : spi.obj (.const:g_ulSPIDmaMaskMap)
                  2000decc    00000014     simplelink.a : driver.obj (.const:$P$T0$1)
                  2000dee0    00000014                  : nonos.obj (.const:$P$T0$1)
                  2000def4    00000014     main.obj (.const:$P$T2$3)
                  2000df08    00000010     simplelink.a : socket.obj (.const:.string:_SlPayloadByProtocolLUT)
                  2000df18    0000000d     main.obj (.const:.string:$P$T3$4)
                  2000df25    0000000d     main.obj (.const:.string:$P$T4$5)
                  2000df32    00000002     --HOLE-- [fill = 0]
                  2000df34    0000000c     main.obj (.const:$P$T6$7)
                  2000df40    0000000c     main.obj (.const:.string:$P$T5$6)
                  2000df4c    00000008     simplelink.a : device.obj (.const:StartResponseLUT)
                  2000df54    00000008                  : driver.obj (.const:g_H2NCnysPattern)
                  2000df5c    00000008                  : driver.obj (.const:g_H2NSyncPattern)
                  2000df64    00000005     main.obj (.const:.string:$P$T7$8)
                  2000df69    00000001     --HOLE-- [fill = 0]
                  2000df6a    00000004     simplelink.a : socket.obj (.const:$P$T0$1)
                  2000df6e    00000004                  : wlan.obj (.const:$P$T0$1)
                  2000df72    00000004                  : socket.obj (.const:$P$T2$3)
                  2000df76    00000004                  : socket.obj (.const:_SlAcceptCmdCtrl)
                  2000df7a    00000004                  : device.obj (.const:_SlDeviceGetCmdCtrl)
                  2000df7e    00000004                  : socket.obj (.const:_SlListenCmdCtrl)
                  2000df82    00000004                  : netapp.obj (.const:_SlNetAppSendTokenValueCmdCtrl)
                  2000df86    00000004                  : netcfg.obj (.const:_SlNetCfgSetCmdCtrl)
                  2000df8a    00000004                  : wlan.obj (.const:_SlPolicySetCmdCtrl)
                  2000df8e    00000004                  : wlan.obj (.const:_SlProfileDelCmdCtrl)
                  2000df92    00000004                  : socket.obj (.const:_SlRecvCmdCtrl)
                  2000df96    00000004                  : netapp.obj (.const:_SlRegisterServiceCtrl)
                  2000df9a    00000004                  : wlan.obj (.const:_SlRxFilterSetCmdCtrl)
                  2000df9e    00000004                  : socket.obj (.const:_SlSendCmdCtrl)
                  2000dfa2    00000004                  : socket.obj (.const:_SlSetSockOptCmdCtrl)
                  2000dfa6    00000004                  : socket.obj (.const:_SlSockCloseCmdCtrl)
                  2000dfaa    00000004                  : socket.obj (.const:_SlSockSocketCmdCtrl)
                  2000dfae    00000004                  : device.obj (.const:_SlStopCmdCtrl)
                  2000dfb2    00000004                  : wlan.obj (.const:_SlWlanCfgSetCmdCtrl)
                  2000dfb6    00000004                  : wlan.obj (.const:_SlWlanSetModeCmdCtrl)
                  2000dfba    00000002     --HOLE-- [fill = 0]
                  2000dfbc    00000004                  : driver.obj (.const:httpServer_callbacks)
                  2000dfc0    00000004                  : driver.obj (.const:netApp_callbacks)

.cinit     0    2000dfc8    00000068     
                  2000dfc8    00000044     (.cinit..data.load) [load image, compression = lzss]
                  2000e00c    0000000c     (__TI_handler_table)
                  2000e018    00000008     (.cinit..bss.load) [load image, compression = zero_init]
                  2000e020    00000010     (__TI_cinit_table)

.bss       0    20017000    00000c74     UNINITIALIZED
                  20017000    00000578     (.common:g_cBsdBuf)
                  20017578    00000168     simplelink.a : driver.obj (.bss:g_StatMem)
                  200176e0    00000100     (.common:gfpAppCallbackHndl)
                  200177e0    00000008     (.common:g_ucConnectionBSSID)
                  200177e8    00000004     uart_if.obj (.bss)
                  200177ec    00000001     (.common:RxIrqCnt)
                  200177ed    00000001     (.common:g_bDeviceRestartIsRequired)
                  200177ee    00000001     (.common:g_cDummy)
                  200177ef    00000001     (.common:iDone)
                  200177f0    00000010     --HOLE--
                  20017800    00000400     (.common:gpCtlTbl)
                  20017c00    00000050     (.common:g_ucDinDout)
                  20017c50    00000024     (.common:g_ucConnectionSSID)

.sysmem    0    20017c78    00000800     UNINITIALIZED
                  20017c78    00000010     rtsv7M4_T_le_eabi.lib : memory.c.obj (.sysmem)
                  20017c88    000007f0     --HOLE--

.data      0    20018478    00000118     UNINITIALIZED
                  20018478    0000003c     simplelink.a : nonos.obj (.data:g__SlNonOsCB)
                  200184b4    00000020     modbus.obj (.data:holding_registers)
                  200184d4    00000020     modbus.obj (.data:input_registers)
                  200184f4    0000001c     main.obj (.data)
                  20018510    00000010     modbus.obj (.data:coilmask)
                  20018520    00000010     modbus.obj (.data:discretemask)
                  20018530    00000010     modbus.obj (.data:holdingmask)
                  20018540    00000010     modbus.obj (.data:inputmask)
                  20018550    0000000d     simplelink.a : driver.obj (.data)
                  2001855d    00000003     --HOLE--
                  20018560    00000009                  : cc_pal.obj (.data)
                  20018569    00000003     --HOLE--
                  2001856c    00000008     rtsv7M4_T_le_eabi.lib : _lock.c.obj (.data:$O1$$)
                  20018574    00000008                           : memory.c.obj (.data:$O1$$)
                  2001857c    00000004     modbus.obj (.data:coils)
                  20018580    00000004     modbus.obj (.data:discrete_inputs)
                  20018584    00000004     rtsv7M4_T_le_eabi.lib : errno.c.obj (.data)
                  20018588    00000004                           : strtok.c.obj (.data)
                  2001858c    00000004     simplelink.a : driver.obj (.data:wlan_callbacks)

.stack     0    2002f800    00000800     UNINITIALIZED
                  2002f800    00000004     rtsv7M4_T_le_eabi.lib : boot_cortex_m.c.obj (.stack)
                  2002f804    000007fc     --HOLE--

__llvm_prf_cnts 
*          0    20017000    00000000     UNINITIALIZED

MODULE SUMMARY

       Module                       code    ro data   rw data
       ------                       ----    -------   -------
    .\
       main.obj                     5620    153       1472   
       modbus.obj                   2136    0         136    
       udma_if.obj                  460     0         1281   
       startup_ccs.obj              14      1024      0      
       uart_if.obj                  636     0         4      
       network_common.obj           38      0         0      
       pinmux.obj                   28      0         0      
    +--+----------------------------+-------+---------+---------+
       Total:                       8932    1177      2893   
                                                             
    C:/ti/CC3200SDK_1.5.0/cc3200-sdk/driverlib/ccs/Release/driverlib.a
       prcm.obj                     852     168       0      
       interrupt.obj                608     284       0      
       spi.obj                      798     60        0      
       udma.obj                     776     0         0      
       pin.obj                      226     256       0      
       uart.obj                     306     0         0      
       timer.obj                    210     0         0      
       cpu.obj                      20      0         0      
       utils.obj                    6       0         0      
    +--+----------------------------+-------+---------+---------+
       Total:                       3802    768       0      
                                                             
    C:/ti/CC3200SDK_1.5.0/cc3200-sdk/simplelink/ccs/NON_OS_debug/simplelink.a
       driver.obj                   7906    192       379    
       socket.obj                   2566    52        0      
       cc_pal.obj                   1960    0         90     
       wlan.obj                     1316    24        0      
       netapp.obj                   1248    8         0      
       device.obj                   1082    16        0      
       nonos.obj                    416     20        60     
       netcfg.obj                   152     4         0      
    +--+----------------------------+-------+---------+---------+
       Total:                       16646   316       529    
                                                             
    C:\ti\ccs1011\ccs\tools\compiler\ti-cgt-arm_20.2.1.LTS\lib\rtsv7M4_T_le_eabi.lib
       _printfi.c.obj               4835    0         0      
       memory.c.obj                 908     0         8      
       fd_add_t2.asm.obj            438     0         0      
       fd_div_t2.asm.obj            310     0         0      
       strtoul.c.obj                272     0         0      
       fd_cmp_t2.asm.obj            268     0         0      
       ctype.c.obj                  0       257       0      
       fd_mul_t2.asm.obj            252     0         0      
       s_scalbn.c.obj               208     0         0      
       memcpy_t2.asm.obj            156     0         0      
       ull_div_t2.asm.obj           150     0         0      
       vsnprintf.c.obj              136     0         0      
       memset_t2.asm.obj            122     0         0      
       copy_decompress_lzss.c.obj   104     0         0      
       s_frexp.c.obj                92      0         0      
       _ltoa.c.obj                  84      0         0      
       atoi.c.obj                   76      0         0      
       fd_toi_t2.asm.obj            72      0         0      
       autoinit.c.obj               68      0         0      
       strtok.c.obj                 64      0         4      
       i_tofd_t2.asm.obj            46      0         0      
       strspn.c.obj                 42      0         0      
       memmov.c.obj                 40      0         0      
       boot_cortex_m.c.obj          36      0         0      
       strcspn.c.obj                36      0         0      
       memccpy.c.obj                28      0         0      
       strchr.c.obj                 22      0         0      
       strlen.c.obj                 20      0         0      
       wcslen.c.obj                 18      0         0      
       copy_decompress_none.c.obj   14      0         0      
       copy_zero_init.c.obj         12      0         0      
       errno.c.obj                  8       0         4      
       s_copysign.c.obj             12      0         0      
       _lock.c.obj                  2       0         8      
       exit.c.obj                   4       0         0      
       pre_init.c.obj               4       0         0      
       div0.asm.obj                 2       0         0      
    +--+----------------------------+-------+---------+---------+
       Total:                       8961    257       24     
                                                             
       Heap:                        0       0         2048   
       Stack:                       0       0         2048   
       Linker Generated:            0       104       0      
    +--+----------------------------+-------+---------+---------+
       Grand Total:                 38341   2622      7542   


LINKER GENERATED COPY TABLES

__TI_cinit_table @ 2000e020 records: 2, size/record: 8, table size: 16
	.data: load addr=2000dfc8, load size=00000044 bytes, run addr=20018478, run size=00000118 bytes, compression=lzss
	.bss: load addr=2000e018, load size=00000008 bytes, run addr=20017000, run size=00000c74 bytes, compression=zero_init


LINKER GENERATED HANDLER TABLE

__TI_handler_table @ 2000e00c records: 3, size/record: 4, table size: 12
	index: 0, handler: __TI_decompress_lzss
	index: 1, handler: __TI_decompress_none
	index: 2, handler: __TI_zero_init


GLOBAL SYMBOLS: SORTED ALPHABETICALLY BY Name 

address   name                                  
-------   ----                                  
200052cd  BsdTcpClient                          
20005421  BsdTcpServer                          
2000d9df  C$$EXIT                               
2000d8a1  CPUcpsie                              
200074ed  ClearTerm                             
2000816f  DmaErrorIntHandler                    
2000d3d1  DmaSpiSwIntHandler                    
20008159  DmaSwIntHandler                       
200074f7  Error                                 
2000752f  GetCmd                                
200074ad  InitTerm                              
2000acf9  IntDisable                            
2000ada1  IntEnable                             
2000d9b9  IntMasterEnable                       
2000c555  IntPendClear                          
2000c65d  IntPrioritySet                        
2000d4c9  IntRegister                           
2000d3f5  IntUnregister                         
2000d8b5  IntVTableBaseSet                      
20004cd3  IpAddressParser                       
200074cb  Message                               
2000d965  NwpMaskInterrupt                      
2000cff5  NwpPowerOff                           
2000d065  NwpPowerOn                            
2000baf1  NwpPowerOnPreamble                    
2000d4e9  NwpPrePowerOffTimout0                 
2000ce4d  NwpRegisterInterruptHandler           
2000d971  NwpUnMaskInterrupt                    
2000dd64  OpcodeTranslateTable                  
20008d05  PRCMCC3200MCUInit                     
2000d81d  PRCMHIBRegRead                        
2000d833  PRCMHIBRegWrite                       
2000d295  PRCMPeripheralClkDisable              
2000cf05  PRCMPeripheralClkEnable               
2000b45d  PRCMPeripheralClockGet                
2000c5ad  PRCMPeripheralReset                   
2000d099  PRCMPeripheralStatusGet               
2000d191  PRCMSysResetCauseGet                  
2000b95d  PinConfigSet                          
2000cccd  PinModeSet                            
2000d651  PinMuxConfig                          
2000d6c1  PinTypeUART                           
2000766d  Report                                
2000d955  ResetISR                              
200177ec  RxIrqCnt                              
2000d75d  SPICSDisable                          
2000d775  SPICSEnable                           
2000aeed  SPIConfigSetExpClk                    
2000d78d  SPIDisable                            
2000d6db  SPIDmaDisable                         
2000d6f5  SPIDmaEnable                          
2000d7a5  SPIEnable                             
2000d70f  SPIFIFODisable                        
2000d729  SPIFIFOEnable                         
2000d0cd  SPIFIFOLevelSet                       
2000ca19  SPIIntClear                           
2000c851  SPIIntEnable                          
2000d743  SPIIntUnregister                      
2000d485  SPIReset                              
2000d4a7  SPIWordCountSet                       
200045dd  SimpleLinkGeneralEventHandler         
200045bd  SimpleLinkHttpServerCallback          
2000450f  SimpleLinkNetAppEventHandler          
20004601  SimpleLinkSockEventHandler            
20004401  SimpleLinkWlanEventHandler            
2000cb35  TimerConfigure                        
2000d569  TimerEnable                           
2000d509  TimerGetCurrentTimestamp              
2000d215  TimerLoadSet                          
2000d23f  TimerPrescaleSet                      
2000d5c3  TimerValueGet                         
200075d5  TrimSpace                             
2000d849  UARTCharGet                           
2000d5df  UARTCharGetNonBlocking                
2000d587  UARTCharPut                           
2000d7bd  UARTCharsAvail                        
2000be6d  UARTConfigSetExpClk                   
2000d101  UARTDisable                           
2000d419  UARTEnable                            
200081e3  UDMAChannelSelect                     
200082b7  UDMADeInit                            
2000817b  UDMAInit                              
20008211  UDMASetupAutoMemTransfer              
20008245  UDMASetupPingPongTransfer             
200082cb  UDMASetupTransfer                     
2000829f  UDMAStartTransfer                     
200082ab  UDMAStopTransfer                      
20004db7  UserInput                             
2000d9d5  UtilsDelay                            
2000dda0  _SlActionLookupTable                  
2000ae49  _SlDriverHandleError                  
2000ca61  _SlDrvBasicCmd                        
2000aa1d  _SlDrvCmdOp                           
2000c039  _SlDrvCmdSend                         
20007bd9  _SlDrvDataReadOp                      
20008fed  _SlDrvDataWriteOp                     
2000b0c9  _SlDrvDeviceEventHandler              
2000d929  _SlDrvDispatchHttpServerEvents        
20009771  _SlDrvDriverCBDeinit                  
20008699  _SlDrvDriverCBInit                    
2000d2bd  _SlDrvGlobalObjUnLock                 
2000cb79  _SlDrvHandleHttpServerEvents          
2000cd0d  _SlDrvHandleNetAppEvents              
2000cd4d  _SlDrvHandleWlanEvents                
2000b7b9  _SlDrvIsTimeoutExpired                
2000d85f  _SlDrvMemZero                         
2000a281  _SlDrvMsgReadSpawnCtx                 
20009bd9  _SlDrvNetAppEventHandler              
2000d385  _SlDrvObjLockWaitForever              
2000d529  _SlDrvObjUnLock                       
2000c8e9  _SlDrvProtectAsyncRespSetting         
2000d1e9  _SlDrvProtectionObjLockWaitForever    
2000d2e5  _SlDrvProtectionObjUnLock             
20007dbd  _SlDrvReleasePoolObj                  
2000d939  _SlDrvResetCmdExt                     
2000c6b1  _SlDrvRxIrqHandler                    
2000d5fb  _SlDrvStartMeasureTimeout             
2000d549  _SlDrvSyncObjSignal                   
2000d30d  _SlDrvSyncObjWaitForever              
2000cbbd  _SlDrvSyncObjWaitTimeout              
200089e9  _SlDrvWaitForPoolObj                  
2000df82  _SlNetAppSendTokenValueCmdCtrl        
2000bee5  _SlNonOsMainLoopTask                  
2000ac49  _SlNonOsSemGet                        
2000d7d5  _SlNonOsSemSet                        
2000c1e5  _SlNonOsSpawn                         
20030000  __STACK_END                           
00000800  __STACK_SIZE                          
00000800  __SYSMEM_SIZE                         
2000e020  __TI_CINIT_Base                       
2000e030  __TI_CINIT_Limit                      
2000e00c  __TI_Handler_Table_Base               
2000e018  __TI_Handler_Table_Limit              
2000cc01  __TI_auto_init_nobinit_nopinit        
2000c17d  __TI_decompress_lzss                  
2000d947  __TI_decompress_none                  
2000c705  __TI_ltoa                             
ffffffff  __TI_pprof_out_hndl                   
200059f5  __TI_printfi                          
ffffffff  __TI_prof_data_size                   
ffffffff  __TI_prof_data_start                  
2000dfc8  __TI_static_base__                    
2000d989  __TI_zero_init                        
2000b9e5  __aeabi_cdcmpeq                       
2000b9e5  __aeabi_cdcmple                       
2000ba6b  __aeabi_cdrcmple                      
2000caa9  __aeabi_d2iz                          
200084eb  __aeabi_dadd                          
20009505  __aeabi_ddiv                          
20009cdd  __aeabi_dmul                          
200084e1  __aeabi_dsub                          
2000d9c5  __aeabi_errno_addr                    
2000d161  __aeabi_i2d                           
2000963b  __aeabi_idiv0                         
2000963b  __aeabi_ldiv0                         
2000bd79  __aeabi_memclr                        
2000bd79  __aeabi_memclr4                       
2000bd79  __aeabi_memclr8                       
2000b02d  __aeabi_memcpy                        
2000b02d  __aeabi_memcpy4                       
2000b02d  __aeabi_memcpy8                       
2000bd7b  __aeabi_memset                        
2000bd7b  __aeabi_memset4                       
2000bd7b  __aeabi_memset8                       
2000b3c5  __aeabi_uldivmod                      
ffffffff  __binit__                             
ffffffff  __c_args__                            
UNDEFED   __mpu_init                            
2002f800  __stack                               
20017000  __start___llvm_prf_cnts               
20017000  __stop___llvm_prf_cnts                
2000d43d  _c_int00_noargs                       
2000d9e4  _ctypes_                              
2001856c  _lock                                 
20008697  _nop                                  
2000c249  _sl_HandleAsync_Accept                
2000bbf9  _sl_HandleAsync_Connect               
2000b4f1  _sl_HandleAsync_DnsGetHostByName      
2000a7c1  _sl_HandleAsync_DnsGetHostByService   
2000b845  _sl_HandleAsync_InitComplete          
2000b581  _sl_HandleAsync_PingResponse          
2000c759  _sl_HandleAsync_Select                
2000c801  _sl_HandleAsync_Stop                  
2000c0a5  _sl_NetAppSendTokenValue              
20017c78  _sys_memory                           
UNDEFED   _system_post_cinit                    
2000d9db  _system_pre_init                      
20018570  _unlock                               
2000d9df  abort                                 
20009ad1  aligned_alloc                         
2000c981  atoi                                  
ffffffff  binit                                 
2000669d  clientHandler                         
20018510  coilmask                              
2001857c  coils                                 
2000d97d  copysign                              
2000d97d  copysignl                             
20018580  discrete_inputs                       
20018520  discretemask                          
20018584  errno                                 
2000a369  free                                  
2000c4f9  frexp                                 
2000c4f9  frexpl                                
20018550  g_SlDeviceStatus                      
20018560  g_SpiFd                               
20018478  g__SlNonOsCB                          
200177ed  g_bDeviceRestartIsRequired            
20017000  g_cBsdBuf                             
200177ee  g_cDummy                              
20018554  g_pCB                                 
20018564  g_pHostIntHdl                         
20004000  g_pfnVectors                          
200177e0  g_ucConnectionBSSID                   
20017c50  g_ucConnectionSSID                    
20018508  g_ucConnectionStatus                  
20018568  g_ucDMAEnabled                        
20017c00  g_ucDinDout                           
20018509  g_ucSimplelinkstarted                 
20018500  g_uiPortNum                           
200184fc  g_ulDestinationIp                     
200184f8  g_ulGatewayIP                         
2001850c  g_ulIpAddr                            
20018504  g_ulPacketCount                       
200184f4  g_ulStatus                            
200176e0  gfpAppCallbackHndl                    
20017800  gpCtlTbl                              
200184b4  holding_registers                     
20018530  holdingmask                           
200177ef  iDone                                 
200184d4  input_registers                       
20018540  inputmask                             
2000a6f1  ldexp                                 
2000a6f1  ldexpl                                
20005745  main                                  
2000d9cd  malloc                                
20009ad1  memalign                              
2000d635  memccpy                               
2000b02d  memcpy                                
2000d35d  memmove                               
2000bd81  memset                                
20018558  pPingCallBackFunc                     
20006445  readBits                              
20006531  readRegisters                         
2000a44d  realloc                               
2000a6f1  scalbn                                
2000a6f1  scalbnl                               
2000cf41  simplelink_timerA2_start              
20008325  sl_Accept                             
2000aadd  sl_Bind                               
2000c3d9  sl_Close                              
20008b79  sl_Connect                            
2000a88d  sl_DevGet                             
2000cc89  sl_Htonl                              
2000cf7d  sl_Htons                              
2000c111  sl_Listen                             
2000a531  sl_NetAppMDNSRegisterUnregisterService
2000c2ad  sl_NetAppMDNSUnRegisterService        
2000b165  sl_NetCfgSet                          
2000d3ab  sl_Provisioning_HttpServerEventHdl    
2000d3b9  sl_Provisioning_NetAppEventHdl        
2000d3c5  sl_Provisioning_WlanEventHdl          
2000af8d  sl_Recv                               
2000963d  sl_Send                               
2000b1fd  sl_SetSockOpt                         
2000b8d1  sl_Socket                             
20009dd9  sl_Start                              
20009ec9  sl_Stop                               
2000722d  sl_WlanConnect                        
2000d02d  sl_WlanDisconnect                     
2000b611  sl_WlanPolicySet                      
2000c439  sl_WlanProfileDel                     
2000bb75  sl_WlanRxFilterSet                    
2000b295  sl_WlanSet                            
2000c499  sl_WlanSetMode                        
2000bdf5  spi_Close                             
2000913d  spi_Open                              
20009fb9  spi_Read                              
2000b32d  spi_Write                             
2000d875  strchr                                
2000d461  strcspn                               
2000d8c9  strlen                                
2000d269  strspn                                
2000cdcd  strtok                                
200099c1  strtoul                               
2000c9cd  uDMAChannelAssign                     
2000c311  uDMAChannelAttributeDisable           
2000c375  uDMAChannelAttributeEnable            
2000cfb9  uDMAChannelControlSet                 
2000d66d  uDMAChannelDisable                    
2000d689  uDMAChannelEnable                     
2000d6a5  uDMAChannelRequest                    
2000a0a9  uDMAChannelTransferSet                
2000d8dd  uDMAControlBaseSet                    
2000d995  uDMADisable                           
2000d9a1  uDMAEnable                            
2000d8f1  uDMAIntClear                          
2000d88b  uDMAIntRegister                       
2000d9ad  uDMAIntStatus                         
2000d905  uDMAIntUnregister                     
2000ce0d  vsnprintf                             
2000d917  wcslen                                
200065a1  writeBit                              
2000663d  writeMultipleBits                     
2000664d  writeMultipleRegisters                
20006607  writeRegister                         


GLOBAL SYMBOLS: SORTED BY Symbol Address 

address   name                                  
-------   ----                                  
00000800  __STACK_SIZE                          
00000800  __SYSMEM_SIZE                         
20004000  g_pfnVectors                          
20004401  SimpleLinkWlanEventHandler            
2000450f  SimpleLinkNetAppEventHandler          
200045bd  SimpleLinkHttpServerCallback          
200045dd  SimpleLinkGeneralEventHandler         
20004601  SimpleLinkSockEventHandler            
20004cd3  IpAddressParser                       
20004db7  UserInput                             
200052cd  BsdTcpClient                          
20005421  BsdTcpServer                          
20005745  main                                  
200059f5  __TI_printfi                          
20006445  readBits                              
20006531  readRegisters                         
200065a1  writeBit                              
20006607  writeRegister                         
2000663d  writeMultipleBits                     
2000664d  writeMultipleRegisters                
2000669d  clientHandler                         
2000722d  sl_WlanConnect                        
200074ad  InitTerm                              
200074cb  Message                               
200074ed  ClearTerm                             
200074f7  Error                                 
2000752f  GetCmd                                
200075d5  TrimSpace                             
2000766d  Report                                
20007bd9  _SlDrvDataReadOp                      
20007dbd  _SlDrvReleasePoolObj                  
20008159  DmaSwIntHandler                       
2000816f  DmaErrorIntHandler                    
2000817b  UDMAInit                              
200081e3  UDMAChannelSelect                     
20008211  UDMASetupAutoMemTransfer              
20008245  UDMASetupPingPongTransfer             
2000829f  UDMAStartTransfer                     
200082ab  UDMAStopTransfer                      
200082b7  UDMADeInit                            
200082cb  UDMASetupTransfer                     
20008325  sl_Accept                             
200084e1  __aeabi_dsub                          
200084eb  __aeabi_dadd                          
20008697  _nop                                  
20008699  _SlDrvDriverCBInit                    
200089e9  _SlDrvWaitForPoolObj                  
20008b79  sl_Connect                            
20008d05  PRCMCC3200MCUInit                     
20008fed  _SlDrvDataWriteOp                     
2000913d  spi_Open                              
20009505  __aeabi_ddiv                          
2000963b  __aeabi_idiv0                         
2000963b  __aeabi_ldiv0                         
2000963d  sl_Send                               
20009771  _SlDrvDriverCBDeinit                  
200099c1  strtoul                               
20009ad1  aligned_alloc                         
20009ad1  memalign                              
20009bd9  _SlDrvNetAppEventHandler              
20009cdd  __aeabi_dmul                          
20009dd9  sl_Start                              
20009ec9  sl_Stop                               
20009fb9  spi_Read                              
2000a0a9  uDMAChannelTransferSet                
2000a281  _SlDrvMsgReadSpawnCtx                 
2000a369  free                                  
2000a44d  realloc                               
2000a531  sl_NetAppMDNSRegisterUnregisterService
2000a6f1  ldexp                                 
2000a6f1  ldexpl                                
2000a6f1  scalbn                                
2000a6f1  scalbnl                               
2000a7c1  _sl_HandleAsync_DnsGetHostByService   
2000a88d  sl_DevGet                             
2000aa1d  _SlDrvCmdOp                           
2000aadd  sl_Bind                               
2000ac49  _SlNonOsSemGet                        
2000acf9  IntDisable                            
2000ada1  IntEnable                             
2000ae49  _SlDriverHandleError                  
2000aeed  SPIConfigSetExpClk                    
2000af8d  sl_Recv                               
2000b02d  __aeabi_memcpy                        
2000b02d  __aeabi_memcpy4                       
2000b02d  __aeabi_memcpy8                       
2000b02d  memcpy                                
2000b0c9  _SlDrvDeviceEventHandler              
2000b165  sl_NetCfgSet                          
2000b1fd  sl_SetSockOpt                         
2000b295  sl_WlanSet                            
2000b32d  spi_Write                             
2000b3c5  __aeabi_uldivmod                      
2000b45d  PRCMPeripheralClockGet                
2000b4f1  _sl_HandleAsync_DnsGetHostByName      
2000b581  _sl_HandleAsync_PingResponse          
2000b611  sl_WlanPolicySet                      
2000b7b9  _SlDrvIsTimeoutExpired                
2000b845  _sl_HandleAsync_InitComplete          
2000b8d1  sl_Socket                             
2000b95d  PinConfigSet                          
2000b9e5  __aeabi_cdcmpeq                       
2000b9e5  __aeabi_cdcmple                       
2000ba6b  __aeabi_cdrcmple                      
2000baf1  NwpPowerOnPreamble                    
2000bb75  sl_WlanRxFilterSet                    
2000bbf9  _sl_HandleAsync_Connect               
2000bd79  __aeabi_memclr                        
2000bd79  __aeabi_memclr4                       
2000bd79  __aeabi_memclr8                       
2000bd7b  __aeabi_memset                        
2000bd7b  __aeabi_memset4                       
2000bd7b  __aeabi_memset8                       
2000bd81  memset                                
2000bdf5  spi_Close                             
2000be6d  UARTConfigSetExpClk                   
2000bee5  _SlNonOsMainLoopTask                  
2000c039  _SlDrvCmdSend                         
2000c0a5  _sl_NetAppSendTokenValue              
2000c111  sl_Listen                             
2000c17d  __TI_decompress_lzss                  
2000c1e5  _SlNonOsSpawn                         
2000c249  _sl_HandleAsync_Accept                
2000c2ad  sl_NetAppMDNSUnRegisterService        
2000c311  uDMAChannelAttributeDisable           
2000c375  uDMAChannelAttributeEnable            
2000c3d9  sl_Close                              
2000c439  sl_WlanProfileDel                     
2000c499  sl_WlanSetMode                        
2000c4f9  frexp                                 
2000c4f9  frexpl                                
2000c555  IntPendClear                          
2000c5ad  PRCMPeripheralReset                   
2000c65d  IntPrioritySet                        
2000c6b1  _SlDrvRxIrqHandler                    
2000c705  __TI_ltoa                             
2000c759  _sl_HandleAsync_Select                
2000c801  _sl_HandleAsync_Stop                  
2000c851  SPIIntEnable                          
2000c8e9  _SlDrvProtectAsyncRespSetting         
2000c981  atoi                                  
2000c9cd  uDMAChannelAssign                     
2000ca19  SPIIntClear                           
2000ca61  _SlDrvBasicCmd                        
2000caa9  __aeabi_d2iz                          
2000cb35  TimerConfigure                        
2000cb79  _SlDrvHandleHttpServerEvents          
2000cbbd  _SlDrvSyncObjWaitTimeout              
2000cc01  __TI_auto_init_nobinit_nopinit        
2000cc89  sl_Htonl                              
2000cccd  PinModeSet                            
2000cd0d  _SlDrvHandleNetAppEvents              
2000cd4d  _SlDrvHandleWlanEvents                
2000cdcd  strtok                                
2000ce0d  vsnprintf                             
2000ce4d  NwpRegisterInterruptHandler           
2000cf05  PRCMPeripheralClkEnable               
2000cf41  simplelink_timerA2_start              
2000cf7d  sl_Htons                              
2000cfb9  uDMAChannelControlSet                 
2000cff5  NwpPowerOff                           
2000d02d  sl_WlanDisconnect                     
2000d065  NwpPowerOn                            
2000d099  PRCMPeripheralStatusGet               
2000d0cd  SPIFIFOLevelSet                       
2000d101  UARTDisable                           
2000d161  __aeabi_i2d                           
2000d191  PRCMSysResetCauseGet                  
2000d1e9  _SlDrvProtectionObjLockWaitForever    
2000d215  TimerLoadSet                          
2000d23f  TimerPrescaleSet                      
2000d269  strspn                                
2000d295  PRCMPeripheralClkDisable              
2000d2bd  _SlDrvGlobalObjUnLock                 
2000d2e5  _SlDrvProtectionObjUnLock             
2000d30d  _SlDrvSyncObjWaitForever              
2000d35d  memmove                               
2000d385  _SlDrvObjLockWaitForever              
2000d3ab  sl_Provisioning_HttpServerEventHdl    
2000d3b9  sl_Provisioning_NetAppEventHdl        
2000d3c5  sl_Provisioning_WlanEventHdl          
2000d3d1  DmaSpiSwIntHandler                    
2000d3f5  IntUnregister                         
2000d419  UARTEnable                            
2000d43d  _c_int00_noargs                       
2000d461  strcspn                               
2000d485  SPIReset                              
2000d4a7  SPIWordCountSet                       
2000d4c9  IntRegister                           
2000d4e9  NwpPrePowerOffTimout0                 
2000d509  TimerGetCurrentTimestamp              
2000d529  _SlDrvObjUnLock                       
2000d549  _SlDrvSyncObjSignal                   
2000d569  TimerEnable                           
2000d587  UARTCharPut                           
2000d5c3  TimerValueGet                         
2000d5df  UARTCharGetNonBlocking                
2000d5fb  _SlDrvStartMeasureTimeout             
2000d635  memccpy                               
2000d651  PinMuxConfig                          
2000d66d  uDMAChannelDisable                    
2000d689  uDMAChannelEnable                     
2000d6a5  uDMAChannelRequest                    
2000d6c1  PinTypeUART                           
2000d6db  SPIDmaDisable                         
2000d6f5  SPIDmaEnable                          
2000d70f  SPIFIFODisable                        
2000d729  SPIFIFOEnable                         
2000d743  SPIIntUnregister                      
2000d75d  SPICSDisable                          
2000d775  SPICSEnable                           
2000d78d  SPIDisable                            
2000d7a5  SPIEnable                             
2000d7bd  UARTCharsAvail                        
2000d7d5  _SlNonOsSemSet                        
2000d81d  PRCMHIBRegRead                        
2000d833  PRCMHIBRegWrite                       
2000d849  UARTCharGet                           
2000d85f  _SlDrvMemZero                         
2000d875  strchr                                
2000d88b  uDMAIntRegister                       
2000d8a1  CPUcpsie                              
2000d8b5  IntVTableBaseSet                      
2000d8c9  strlen                                
2000d8dd  uDMAControlBaseSet                    
2000d8f1  uDMAIntClear                          
2000d905  uDMAIntUnregister                     
2000d917  wcslen                                
2000d929  _SlDrvDispatchHttpServerEvents        
2000d939  _SlDrvResetCmdExt                     
2000d947  __TI_decompress_none                  
2000d955  ResetISR                              
2000d965  NwpMaskInterrupt                      
2000d971  NwpUnMaskInterrupt                    
2000d97d  copysign                              
2000d97d  copysignl                             
2000d989  __TI_zero_init                        
2000d995  uDMADisable                           
2000d9a1  uDMAEnable                            
2000d9ad  uDMAIntStatus                         
2000d9b9  IntMasterEnable                       
2000d9c5  __aeabi_errno_addr                    
2000d9cd  malloc                                
2000d9d5  UtilsDelay                            
2000d9db  _system_pre_init                      
2000d9df  C$$EXIT                               
2000d9df  abort                                 
2000d9e4  _ctypes_                              
2000dd64  OpcodeTranslateTable                  
2000dda0  _SlActionLookupTable                  
2000df82  _SlNetAppSendTokenValueCmdCtrl        
2000dfc8  __TI_static_base__                    
2000e00c  __TI_Handler_Table_Base               
2000e018  __TI_Handler_Table_Limit              
2000e020  __TI_CINIT_Base                       
2000e030  __TI_CINIT_Limit                      
20017000  __start___llvm_prf_cnts               
20017000  __stop___llvm_prf_cnts                
20017000  g_cBsdBuf                             
200176e0  gfpAppCallbackHndl                    
200177e0  g_ucConnectionBSSID                   
200177ec  RxIrqCnt                              
200177ed  g_bDeviceRestartIsRequired            
200177ee  g_cDummy                              
200177ef  iDone                                 
20017800  gpCtlTbl                              
20017c00  g_ucDinDout                           
20017c50  g_ucConnectionSSID                    
20017c78  _sys_memory                           
20018478  g__SlNonOsCB                          
200184b4  holding_registers                     
200184d4  input_registers                       
200184f4  g_ulStatus                            
200184f8  g_ulGatewayIP                         
200184fc  g_ulDestinationIp                     
20018500  g_uiPortNum                           
20018504  g_ulPacketCount                       
20018508  g_ucConnectionStatus                  
20018509  g_ucSimplelinkstarted                 
2001850c  g_ulIpAddr                            
20018510  coilmask                              
20018520  discretemask                          
20018530  holdingmask                           
20018540  inputmask                             
20018550  g_SlDeviceStatus                      
20018554  g_pCB                                 
20018558  pPingCallBackFunc                     
20018560  g_SpiFd                               
20018564  g_pHostIntHdl                         
20018568  g_ucDMAEnabled                        
2001856c  _lock                                 
20018570  _unlock                               
2001857c  coils                                 
20018580  discrete_inputs                       
20018584  errno                                 
2002f800  __stack                               
20030000  __STACK_END                           
ffffffff  __TI_pprof_out_hndl                   
ffffffff  __TI_prof_data_size                   
ffffffff  __TI_prof_data_start                  
ffffffff  __binit__                             
ffffffff  __c_args__                            
ffffffff  binit                                 
UNDEFED   __mpu_init                            
UNDEFED   _system_post_cinit                    

[305 symbols]
