<?xml version="1.0" encoding="ISO-8859-1" ?>
<link_info>
   <banner>TI ARM Linker PC v20.2.1.LTS</banner>
   <copyright>Copyright (c) 1996-2018 Texas Instruments Incorporated</copyright>
   <link_time>0x5fd36079</link_time>
   <link_errors>0x0</link_errors>
   <output_file>tcp_socket.out</output_file>
   <entry_point>
      <name>_c_int00_noargs</name>
      <address>0x2000d43d</address>
   </entry_point>
   <input_file_list>
      <input_file id="fl-2">
         <path>.\</path>
         <kind>object</kind>
         <file>main.obj</file>
         <name>main.obj</name>
      </input_file>
      <input_file id="fl-3">
         <path>.\</path>
         <kind>object</kind>
         <file>modbus.obj</file>
         <name>modbus.obj</name>
      </input_file>
      <input_file id="fl-4">
         <path>.\</path>
         <kind>object</kind>
         <file>network_common.obj</file>
         <name>network_common.obj</name>
      </input_file>
      <input_file id="fl-5">
         <path>.\</path>
         <kind>object</kind>
         <file>pinmux.obj</file>
         <name>pinmux.obj</name>
      </input_file>
      <input_file id="fl-6">
         <path>.\</path>
         <kind>object</kind>
         <file>startup_ccs.obj</file>
         <name>startup_ccs.obj</name>
      </input_file>
      <input_file id="fl-7">
         <path>.\</path>
         <kind>object</kind>
         <file>uart_if.obj</file>
         <name>uart_if.obj</name>
      </input_file>
      <input_file id="fl-8">
         <path>.\</path>
         <kind>object</kind>
         <file>udma_if.obj</file>
         <name>udma_if.obj</name>
      </input_file>
      <input_file id="fl-e">
         <kind>object</kind>
         <file>&lt;internal&gt;</file>
         <name>&lt;internal&gt;</name>
      </input_file>
      <input_file id="fl-f">
         <path>C:\ti\CC3200SDK_1.5.0\cc3200-sdk\simplelink\ccs\NON_OS_debug\</path>
         <kind>archive</kind>
         <file>simplelink.a</file>
         <name>device.obj</name>
      </input_file>
      <input_file id="fl-10">
         <path>C:\ti\CC3200SDK_1.5.0\cc3200-sdk\simplelink\ccs\NON_OS_debug\</path>
         <kind>archive</kind>
         <file>simplelink.a</file>
         <name>driver.obj</name>
      </input_file>
      <input_file id="fl-11">
         <path>C:\ti\CC3200SDK_1.5.0\cc3200-sdk\simplelink\ccs\NON_OS_debug\</path>
         <kind>archive</kind>
         <file>simplelink.a</file>
         <name>netapp.obj</name>
      </input_file>
      <input_file id="fl-12">
         <path>C:\ti\CC3200SDK_1.5.0\cc3200-sdk\simplelink\ccs\NON_OS_debug\</path>
         <kind>archive</kind>
         <file>simplelink.a</file>
         <name>netcfg.obj</name>
      </input_file>
      <input_file id="fl-13">
         <path>C:\ti\CC3200SDK_1.5.0\cc3200-sdk\simplelink\ccs\NON_OS_debug\</path>
         <kind>archive</kind>
         <file>simplelink.a</file>
         <name>nonos.obj</name>
      </input_file>
      <input_file id="fl-14">
         <path>C:\ti\CC3200SDK_1.5.0\cc3200-sdk\simplelink\ccs\NON_OS_debug\</path>
         <kind>archive</kind>
         <file>simplelink.a</file>
         <name>socket.obj</name>
      </input_file>
      <input_file id="fl-15">
         <path>C:\ti\CC3200SDK_1.5.0\cc3200-sdk\simplelink\ccs\NON_OS_debug\</path>
         <kind>archive</kind>
         <file>simplelink.a</file>
         <name>wlan.obj</name>
      </input_file>
      <input_file id="fl-16">
         <path>C:\ti\CC3200SDK_1.5.0\cc3200-sdk\simplelink\ccs\NON_OS_debug\</path>
         <kind>archive</kind>
         <file>simplelink.a</file>
         <name>cc_pal.obj</name>
      </input_file>
      <input_file id="fl-17">
         <path>C:\ti\CC3200SDK_1.5.0\cc3200-sdk\driverlib\ccs\Release\</path>
         <kind>archive</kind>
         <file>driverlib.a</file>
         <name>interrupt.obj</name>
      </input_file>
      <input_file id="fl-18">
         <path>C:\ti\CC3200SDK_1.5.0\cc3200-sdk\driverlib\ccs\Release\</path>
         <kind>archive</kind>
         <file>driverlib.a</file>
         <name>pin.obj</name>
      </input_file>
      <input_file id="fl-19">
         <path>C:\ti\CC3200SDK_1.5.0\cc3200-sdk\driverlib\ccs\Release\</path>
         <kind>archive</kind>
         <file>driverlib.a</file>
         <name>prcm.obj</name>
      </input_file>
      <input_file id="fl-1a">
         <path>C:\ti\CC3200SDK_1.5.0\cc3200-sdk\driverlib\ccs\Release\</path>
         <kind>archive</kind>
         <file>driverlib.a</file>
         <name>spi.obj</name>
      </input_file>
      <input_file id="fl-1b">
         <path>C:\ti\CC3200SDK_1.5.0\cc3200-sdk\driverlib\ccs\Release\</path>
         <kind>archive</kind>
         <file>driverlib.a</file>
         <name>timer.obj</name>
      </input_file>
      <input_file id="fl-1c">
         <path>C:\ti\CC3200SDK_1.5.0\cc3200-sdk\driverlib\ccs\Release\</path>
         <kind>archive</kind>
         <file>driverlib.a</file>
         <name>uart.obj</name>
      </input_file>
      <input_file id="fl-1d">
         <path>C:\ti\CC3200SDK_1.5.0\cc3200-sdk\driverlib\ccs\Release\</path>
         <kind>archive</kind>
         <file>driverlib.a</file>
         <name>udma.obj</name>
      </input_file>
      <input_file id="fl-1e">
         <path>C:\ti\CC3200SDK_1.5.0\cc3200-sdk\driverlib\ccs\Release\</path>
         <kind>archive</kind>
         <file>driverlib.a</file>
         <name>utils.obj</name>
      </input_file>
      <input_file id="fl-1f">
         <path>C:\ti\CC3200SDK_1.5.0\cc3200-sdk\driverlib\ccs\Release\</path>
         <kind>archive</kind>
         <file>driverlib.a</file>
         <name>cpu.obj</name>
      </input_file>
      <input_file id="fl-20">
         <path>C:\ti\CC3200SDK_1.5.0\cc3200-sdk\driverlib\ccs\Release\</path>
         <kind>archive</kind>
         <file>driverlib.a</file>
         <name>flash.obj</name>
      </input_file>
      <input_file id="fl-d6">
         <path>C:\ti\ccs1011\ccs\tools\compiler\ti-cgt-arm_20.2.1.LTS\lib\</path>
         <kind>archive</kind>
         <file>rtsv7M4_T_le_eabi.lib</file>
         <name>vsnprintf.c.obj</name>
      </input_file>
      <input_file id="fl-d7">
         <path>C:\ti\ccs1011\ccs\tools\compiler\ti-cgt-arm_20.2.1.LTS\lib\</path>
         <kind>archive</kind>
         <file>rtsv7M4_T_le_eabi.lib</file>
         <name>memset_t2.asm.obj</name>
      </input_file>
      <input_file id="fl-d8">
         <path>C:\ti\ccs1011\ccs\tools\compiler\ti-cgt-arm_20.2.1.LTS\lib\</path>
         <kind>archive</kind>
         <file>rtsv7M4_T_le_eabi.lib</file>
         <name>memcpy_t2.asm.obj</name>
      </input_file>
      <input_file id="fl-d9">
         <path>C:\ti\ccs1011\ccs\tools\compiler\ti-cgt-arm_20.2.1.LTS\lib\</path>
         <kind>archive</kind>
         <file>rtsv7M4_T_le_eabi.lib</file>
         <name>ull_div_t2.asm.obj</name>
      </input_file>
      <input_file id="fl-da">
         <path>C:\ti\ccs1011\ccs\tools\compiler\ti-cgt-arm_20.2.1.LTS\lib\</path>
         <kind>archive</kind>
         <file>rtsv7M4_T_le_eabi.lib</file>
         <name>copy_zero_init.c.obj</name>
      </input_file>
      <input_file id="fl-db">
         <path>C:\ti\ccs1011\ccs\tools\compiler\ti-cgt-arm_20.2.1.LTS\lib\</path>
         <kind>archive</kind>
         <file>rtsv7M4_T_le_eabi.lib</file>
         <name>copy_decompress_none.c.obj</name>
      </input_file>
      <input_file id="fl-dc">
         <path>C:\ti\ccs1011\ccs\tools\compiler\ti-cgt-arm_20.2.1.LTS\lib\</path>
         <kind>archive</kind>
         <file>rtsv7M4_T_le_eabi.lib</file>
         <name>copy_decompress_lzss.c.obj</name>
      </input_file>
      <input_file id="fl-dd">
         <path>C:\ti\ccs1011\ccs\tools\compiler\ti-cgt-arm_20.2.1.LTS\lib\</path>
         <kind>archive</kind>
         <file>rtsv7M4_T_le_eabi.lib</file>
         <name>memmov.c.obj</name>
      </input_file>
      <input_file id="fl-de">
         <path>C:\ti\ccs1011\ccs\tools\compiler\ti-cgt-arm_20.2.1.LTS\lib\</path>
         <kind>archive</kind>
         <file>rtsv7M4_T_le_eabi.lib</file>
         <name>memory.c.obj</name>
      </input_file>
      <input_file id="fl-df">
         <path>C:\ti\ccs1011\ccs\tools\compiler\ti-cgt-arm_20.2.1.LTS\lib\</path>
         <kind>archive</kind>
         <file>rtsv7M4_T_le_eabi.lib</file>
         <name>strlen.c.obj</name>
      </input_file>
      <input_file id="fl-e0">
         <path>C:\ti\ccs1011\ccs\tools\compiler\ti-cgt-arm_20.2.1.LTS\lib\</path>
         <kind>archive</kind>
         <file>rtsv7M4_T_le_eabi.lib</file>
         <name>strtok.c.obj</name>
      </input_file>
      <input_file id="fl-e1">
         <path>C:\ti\ccs1011\ccs\tools\compiler\ti-cgt-arm_20.2.1.LTS\lib\</path>
         <kind>archive</kind>
         <file>rtsv7M4_T_le_eabi.lib</file>
         <name>strtoul.c.obj</name>
      </input_file>
      <input_file id="fl-e2">
         <path>C:\ti\ccs1011\ccs\tools\compiler\ti-cgt-arm_20.2.1.LTS\lib\</path>
         <kind>archive</kind>
         <file>rtsv7M4_T_le_eabi.lib</file>
         <name>errno.c.obj</name>
      </input_file>
      <input_file id="fl-e3">
         <path>C:\ti\ccs1011\ccs\tools\compiler\ti-cgt-arm_20.2.1.LTS\lib\</path>
         <kind>archive</kind>
         <file>rtsv7M4_T_le_eabi.lib</file>
         <name>boot_cortex_m.c.obj</name>
      </input_file>
      <input_file id="fl-e4">
         <path>C:\ti\ccs1011\ccs\tools\compiler\ti-cgt-arm_20.2.1.LTS\lib\</path>
         <kind>archive</kind>
         <file>rtsv7M4_T_le_eabi.lib</file>
         <name>_printfi.c.obj</name>
      </input_file>
      <input_file id="fl-e5">
         <path>C:\ti\ccs1011\ccs\tools\compiler\ti-cgt-arm_20.2.1.LTS\lib\</path>
         <kind>archive</kind>
         <file>rtsv7M4_T_le_eabi.lib</file>
         <name>div0.asm.obj</name>
      </input_file>
      <input_file id="fl-e6">
         <path>C:\ti\ccs1011\ccs\tools\compiler\ti-cgt-arm_20.2.1.LTS\lib\</path>
         <kind>archive</kind>
         <file>rtsv7M4_T_le_eabi.lib</file>
         <name>fd_add_t2.asm.obj</name>
      </input_file>
      <input_file id="fl-e7">
         <path>C:\ti\ccs1011\ccs\tools\compiler\ti-cgt-arm_20.2.1.LTS\lib\</path>
         <kind>archive</kind>
         <file>rtsv7M4_T_le_eabi.lib</file>
         <name>fd_cmp_t2.asm.obj</name>
      </input_file>
      <input_file id="fl-e8">
         <path>C:\ti\ccs1011\ccs\tools\compiler\ti-cgt-arm_20.2.1.LTS\lib\</path>
         <kind>archive</kind>
         <file>rtsv7M4_T_le_eabi.lib</file>
         <name>fd_div_t2.asm.obj</name>
      </input_file>
      <input_file id="fl-e9">
         <path>C:\ti\ccs1011\ccs\tools\compiler\ti-cgt-arm_20.2.1.LTS\lib\</path>
         <kind>archive</kind>
         <file>rtsv7M4_T_le_eabi.lib</file>
         <name>fd_mul_t2.asm.obj</name>
      </input_file>
      <input_file id="fl-ea">
         <path>C:\ti\ccs1011\ccs\tools\compiler\ti-cgt-arm_20.2.1.LTS\lib\</path>
         <kind>archive</kind>
         <file>rtsv7M4_T_le_eabi.lib</file>
         <name>fd_toi_t2.asm.obj</name>
      </input_file>
      <input_file id="fl-eb">
         <path>C:\ti\ccs1011\ccs\tools\compiler\ti-cgt-arm_20.2.1.LTS\lib\</path>
         <kind>archive</kind>
         <file>rtsv7M4_T_le_eabi.lib</file>
         <name>i_tofd_t2.asm.obj</name>
      </input_file>
      <input_file id="fl-ec">
         <path>C:\ti\ccs1011\ccs\tools\compiler\ti-cgt-arm_20.2.1.LTS\lib\</path>
         <kind>archive</kind>
         <file>rtsv7M4_T_le_eabi.lib</file>
         <name>autoinit.c.obj</name>
      </input_file>
      <input_file id="fl-ed">
         <path>C:\ti\ccs1011\ccs\tools\compiler\ti-cgt-arm_20.2.1.LTS\lib\</path>
         <kind>archive</kind>
         <file>rtsv7M4_T_le_eabi.lib</file>
         <name>pre_init.c.obj</name>
      </input_file>
      <input_file id="fl-ee">
         <path>C:\ti\ccs1011\ccs\tools\compiler\ti-cgt-arm_20.2.1.LTS\lib\</path>
         <kind>archive</kind>
         <file>rtsv7M4_T_le_eabi.lib</file>
         <name>cpy_tbl.c.obj</name>
      </input_file>
      <input_file id="fl-ef">
         <path>C:\ti\ccs1011\ccs\tools\compiler\ti-cgt-arm_20.2.1.LTS\lib\</path>
         <kind>archive</kind>
         <file>rtsv7M4_T_le_eabi.lib</file>
         <name>exit.c.obj</name>
      </input_file>
      <input_file id="fl-f0">
         <path>C:\ti\ccs1011\ccs\tools\compiler\ti-cgt-arm_20.2.1.LTS\lib\</path>
         <kind>archive</kind>
         <file>rtsv7M4_T_le_eabi.lib</file>
         <name>_lock.c.obj</name>
      </input_file>
      <input_file id="fl-f1">
         <path>C:\ti\ccs1011\ccs\tools\compiler\ti-cgt-arm_20.2.1.LTS\lib\</path>
         <kind>archive</kind>
         <file>rtsv7M4_T_le_eabi.lib</file>
         <name>_ltoa.c.obj</name>
      </input_file>
      <input_file id="fl-f2">
         <path>C:\ti\ccs1011\ccs\tools\compiler\ti-cgt-arm_20.2.1.LTS\lib\</path>
         <kind>archive</kind>
         <file>rtsv7M4_T_le_eabi.lib</file>
         <name>args_main.c.obj</name>
      </input_file>
      <input_file id="fl-f3">
         <path>C:\ti\ccs1011\ccs\tools\compiler\ti-cgt-arm_20.2.1.LTS\lib\</path>
         <kind>archive</kind>
         <file>rtsv7M4_T_le_eabi.lib</file>
         <name>atoi.c.obj</name>
      </input_file>
      <input_file id="fl-f4">
         <path>C:\ti\ccs1011\ccs\tools\compiler\ti-cgt-arm_20.2.1.LTS\lib\</path>
         <kind>archive</kind>
         <file>rtsv7M4_T_le_eabi.lib</file>
         <name>ctype.c.obj</name>
      </input_file>
      <input_file id="fl-f5">
         <path>C:\ti\ccs1011\ccs\tools\compiler\ti-cgt-arm_20.2.1.LTS\lib\</path>
         <kind>archive</kind>
         <file>rtsv7M4_T_le_eabi.lib</file>
         <name>memccpy.c.obj</name>
      </input_file>
      <input_file id="fl-f6">
         <path>C:\ti\ccs1011\ccs\tools\compiler\ti-cgt-arm_20.2.1.LTS\lib\</path>
         <kind>archive</kind>
         <file>rtsv7M4_T_le_eabi.lib</file>
         <name>strchr.c.obj</name>
      </input_file>
      <input_file id="fl-f7">
         <path>C:\ti\ccs1011\ccs\tools\compiler\ti-cgt-arm_20.2.1.LTS\lib\</path>
         <kind>archive</kind>
         <file>rtsv7M4_T_le_eabi.lib</file>
         <name>strcspn.c.obj</name>
      </input_file>
      <input_file id="fl-f8">
         <path>C:\ti\ccs1011\ccs\tools\compiler\ti-cgt-arm_20.2.1.LTS\lib\</path>
         <kind>archive</kind>
         <file>rtsv7M4_T_le_eabi.lib</file>
         <name>strspn.c.obj</name>
      </input_file>
      <input_file id="fl-f9">
         <path>C:\ti\ccs1011\ccs\tools\compiler\ti-cgt-arm_20.2.1.LTS\lib\</path>
         <kind>archive</kind>
         <file>rtsv7M4_T_le_eabi.lib</file>
         <name>s_frexp.c.obj</name>
      </input_file>
      <input_file id="fl-fa">
         <path>C:\ti\ccs1011\ccs\tools\compiler\ti-cgt-arm_20.2.1.LTS\lib\</path>
         <kind>archive</kind>
         <file>rtsv7M4_T_le_eabi.lib</file>
         <name>s_scalbn.c.obj</name>
      </input_file>
      <input_file id="fl-fb">
         <path>C:\ti\ccs1011\ccs\tools\compiler\ti-cgt-arm_20.2.1.LTS\lib\</path>
         <kind>archive</kind>
         <file>rtsv7M4_T_le_eabi.lib</file>
         <name>wcslen.c.obj</name>
      </input_file>
      <input_file id="fl-fc">
         <path>C:\ti\ccs1011\ccs\tools\compiler\ti-cgt-arm_20.2.1.LTS\lib\</path>
         <kind>archive</kind>
         <file>rtsv7M4_T_le_eabi.lib</file>
         <name>s_copysign.c.obj</name>
      </input_file>
   </input_file_list>
   <object_component_list>
      <object_component id="oc-12">
         <name>.intvecs</name>
         <load_address>0x20004000</load_address>
         <run_address>0x20004000</run_address>
         <size>0x400</size>
         <input_file_ref idref="fl-6"/>
      </object_component>
      <object_component id="oc-97">
         <name>.text</name>
         <load_address>0x20004400</load_address>
         <run_address>0x20004400</run_address>
         <size>0x15f4</size>
         <input_file_ref idref="fl-2"/>
      </object_component>
      <object_component id="oc-486">
         <name>.text:__TI_printfi</name>
         <load_address>0x200059f4</load_address>
         <run_address>0x200059f4</run_address>
         <size>0xa4e</size>
         <input_file_ref idref="fl-e4"/>
      </object_component>
      <object_component id="oc-734">
         <name>.text:IntDefaultHandler</name>
         <load_address>0x20006442</load_address>
         <run_address>0x20006442</run_address>
         <size>0x2</size>
         <input_file_ref idref="fl-17"/>
      </object_component>
      <object_component id="oc-178">
         <name>.text</name>
         <load_address>0x20006444</load_address>
         <run_address>0x20006444</run_address>
         <size>0x858</size>
         <input_file_ref idref="fl-3"/>
      </object_component>
      <object_component id="oc-746">
         <name>.text:_SlDrvMsgRead</name>
         <load_address>0x20006c9c</load_address>
         <run_address>0x20006c9c</run_address>
         <size>0x590</size>
         <input_file_ref idref="fl-10"/>
      </object_component>
      <object_component id="oc-184">
         <name>.text:sl_WlanConnect</name>
         <load_address>0x2000722c</load_address>
         <run_address>0x2000722c</run_address>
         <size>0x280</size>
         <input_file_ref idref="fl-15"/>
      </object_component>
      <object_component id="oc-c5">
         <name>.text</name>
         <load_address>0x200074ac</load_address>
         <run_address>0x200074ac</run_address>
         <size>0x27c</size>
         <input_file_ref idref="fl-7"/>
      </object_component>
      <object_component id="oc-6cc">
         <name>.text:_pconv_a</name>
         <load_address>0x20007728</load_address>
         <run_address>0x20007728</run_address>
         <size>0x268</size>
         <input_file_ref idref="fl-e4"/>
      </object_component>
      <object_component id="oc-822">
         <name>.text:_SlDrvRxHdrRead</name>
         <load_address>0x20007990</load_address>
         <run_address>0x20007990</run_address>
         <size>0x248</size>
         <input_file_ref idref="fl-10"/>
      </object_component>
      <object_component id="oc-382">
         <name>.text:_SlDrvDataReadOp</name>
         <load_address>0x20007bd8</load_address>
         <run_address>0x20007bd8</run_address>
         <size>0x1e4</size>
         <input_file_ref idref="fl-10"/>
      </object_component>
      <object_component id="oc-295">
         <name>.text:_SlDrvReleasePoolObj</name>
         <load_address>0x20007dbc</load_address>
         <run_address>0x20007dbc</run_address>
         <size>0x1d0</size>
         <input_file_ref idref="fl-10"/>
      </object_component>
      <object_component id="oc-6ba">
         <name>.text:_pconv_g</name>
         <load_address>0x20007f8c</load_address>
         <run_address>0x20007f8c</run_address>
         <size>0x1cc</size>
         <input_file_ref idref="fl-e4"/>
      </object_component>
      <object_component id="oc-1a6">
         <name>.text</name>
         <load_address>0x20008158</load_address>
         <run_address>0x20008158</run_address>
         <size>0x1cc</size>
         <input_file_ref idref="fl-8"/>
      </object_component>
      <object_component id="oc-16a">
         <name>.text:sl_Accept</name>
         <load_address>0x20008324</load_address>
         <run_address>0x20008324</run_address>
         <size>0x1bc</size>
         <input_file_ref idref="fl-14"/>
      </object_component>
      <object_component id="oc-7c4">
         <name>.text</name>
         <load_address>0x200084e0</load_address>
         <run_address>0x200084e0</run_address>
         <size>0x1b6</size>
         <input_file_ref idref="fl-e6"/>
      </object_component>
      <object_component id="oc-688">
         <name>.text:_nop</name>
         <load_address>0x20008696</load_address>
         <run_address>0x20008696</run_address>
         <size>0x2</size>
         <input_file_ref idref="fl-f0"/>
      </object_component>
      <object_component id="oc-26b">
         <name>.text:_SlDrvDriverCBInit</name>
         <load_address>0x20008698</load_address>
         <run_address>0x20008698</run_address>
         <size>0x1b4</size>
         <input_file_ref idref="fl-10"/>
      </object_component>
      <object_component id="oc-5b7">
         <name>.text:_SlDrvMsgWrite</name>
         <load_address>0x2000884c</load_address>
         <run_address>0x2000884c</run_address>
         <size>0x19c</size>
         <input_file_ref idref="fl-10"/>
      </object_component>
      <object_component id="oc-53e">
         <name>.text:_SlDrvWaitForPoolObj</name>
         <load_address>0x200089e8</load_address>
         <run_address>0x200089e8</run_address>
         <size>0x190</size>
         <input_file_ref idref="fl-10"/>
      </object_component>
      <object_component id="oc-145">
         <name>.text:sl_Connect</name>
         <load_address>0x20008b78</load_address>
         <run_address>0x20008b78</run_address>
         <size>0x18c</size>
         <input_file_ref idref="fl-14"/>
      </object_component>
      <object_component id="oc-19d">
         <name>.text:PRCMCC3200MCUInit</name>
         <load_address>0x20008d04</load_address>
         <run_address>0x20008d04</run_address>
         <size>0x178</size>
         <input_file_ref idref="fl-19"/>
      </object_component>
      <object_component id="oc-834">
         <name>.text:_SlFindAndSetActiveObj</name>
         <load_address>0x20008e7c</load_address>
         <run_address>0x20008e7c</run_address>
         <size>0x170</size>
         <input_file_ref idref="fl-10"/>
      </object_component>
      <object_component id="oc-368">
         <name>.text:_SlDrvDataWriteOp</name>
         <load_address>0x20008fec</load_address>
         <run_address>0x20008fec</run_address>
         <size>0x150</size>
         <input_file_ref idref="fl-10"/>
      </object_component>
      <object_component id="oc-271">
         <name>.text:spi_Open</name>
         <load_address>0x2000913c</load_address>
         <run_address>0x2000913c</run_address>
         <size>0x148</size>
         <input_file_ref idref="fl-16"/>
      </object_component>
      <object_component id="oc-5bd">
         <name>.text:_SlDrvMsgReadCmdCtx</name>
         <load_address>0x20009284</load_address>
         <run_address>0x20009284</run_address>
         <size>0x144</size>
         <input_file_ref idref="fl-10"/>
      </object_component>
      <object_component id="oc-6c6">
         <name>.text:_pconv_e</name>
         <load_address>0x200093c8</load_address>
         <run_address>0x200093c8</run_address>
         <size>0x13c</size>
         <input_file_ref idref="fl-e4"/>
      </object_component>
      <object_component id="oc-7aa">
         <name>.text</name>
         <load_address>0x20009504</load_address>
         <run_address>0x20009504</run_address>
         <size>0x136</size>
         <input_file_ref idref="fl-e8"/>
      </object_component>
      <object_component id="oc-863">
         <name>.text</name>
         <load_address>0x2000963a</load_address>
         <run_address>0x2000963a</run_address>
         <size>0x2</size>
         <input_file_ref idref="fl-e5"/>
      </object_component>
      <object_component id="oc-151">
         <name>.text:sl_Send</name>
         <load_address>0x2000963c</load_address>
         <run_address>0x2000963c</run_address>
         <size>0x134</size>
         <input_file_ref idref="fl-14"/>
      </object_component>
      <object_component id="oc-2da">
         <name>.text:_SlDrvDriverCBDeinit</name>
         <load_address>0x20009770</load_address>
         <run_address>0x20009770</run_address>
         <size>0x130</size>
         <input_file_ref idref="fl-10"/>
      </object_component>
      <object_component id="oc-7d6">
         <name>.text:fcvt</name>
         <load_address>0x200098a0</load_address>
         <run_address>0x200098a0</run_address>
         <size>0x120</size>
         <input_file_ref idref="fl-e4"/>
      </object_component>
      <object_component id="oc-127">
         <name>.text:strtoul</name>
         <load_address>0x200099c0</load_address>
         <run_address>0x200099c0</run_address>
         <size>0x110</size>
         <input_file_ref idref="fl-e1"/>
      </object_component>
      <object_component id="oc-4a8">
         <name>.text:aligned_alloc</name>
         <load_address>0x20009ad0</load_address>
         <run_address>0x20009ad0</run_address>
         <size>0x108</size>
         <input_file_ref idref="fl-de"/>
      </object_component>
      <object_component id="oc-8ae">
         <name>.text:_SlDrvNetAppEventHandler</name>
         <load_address>0x20009bd8</load_address>
         <run_address>0x20009bd8</run_address>
         <size>0x104</size>
         <input_file_ref idref="fl-11"/>
      </object_component>
      <object_component id="oc-7a5">
         <name>.text</name>
         <load_address>0x20009cdc</load_address>
         <run_address>0x20009cdc</run_address>
         <size>0xfc</size>
         <input_file_ref idref="fl-e9"/>
      </object_component>
      <object_component id="oc-d2">
         <name>.text:sl_Start</name>
         <load_address>0x20009dd8</load_address>
         <run_address>0x20009dd8</run_address>
         <size>0xf0</size>
         <input_file_ref idref="fl-f"/>
      </object_component>
      <object_component id="oc-e4">
         <name>.text:sl_Stop</name>
         <load_address>0x20009ec8</load_address>
         <run_address>0x20009ec8</run_address>
         <size>0xf0</size>
         <input_file_ref idref="fl-f"/>
      </object_component>
      <object_component id="oc-82e">
         <name>.text:spi_Read</name>
         <load_address>0x20009fb8</load_address>
         <run_address>0x20009fb8</run_address>
         <size>0xf0</size>
         <input_file_ref idref="fl-16"/>
      </object_component>
      <object_component id="oc-439">
         <name>.text:uDMAChannelTransferSet</name>
         <load_address>0x2000a0a8</load_address>
         <run_address>0x2000a0a8</run_address>
         <size>0xf0</size>
         <input_file_ref idref="fl-1d"/>
      </object_component>
      <object_component id="oc-74c">
         <name>.text:_SlAsyncEventGenericHandler</name>
         <load_address>0x2000a198</load_address>
         <run_address>0x2000a198</run_address>
         <size>0xe8</size>
         <input_file_ref idref="fl-10"/>
      </object_component>
      <object_component id="oc-59e">
         <name>.text:_SlDrvMsgReadSpawnCtx</name>
         <load_address>0x2000a280</load_address>
         <run_address>0x2000a280</run_address>
         <size>0xe8</size>
         <input_file_ref idref="fl-10"/>
      </object_component>
      <object_component id="oc-23d">
         <name>.text:free</name>
         <load_address>0x2000a368</load_address>
         <run_address>0x2000a368</run_address>
         <size>0xe4</size>
         <input_file_ref idref="fl-de"/>
      </object_component>
      <object_component id="oc-237">
         <name>.text:realloc</name>
         <load_address>0x2000a44c</load_address>
         <run_address>0x2000a44c</run_address>
         <size>0xe4</size>
         <input_file_ref idref="fl-de"/>
      </object_component>
      <object_component id="oc-315">
         <name>.text:sl_NetAppMDNSRegisterUnregisterService</name>
         <load_address>0x2000a530</load_address>
         <run_address>0x2000a530</run_address>
         <size>0xe4</size>
         <input_file_ref idref="fl-11"/>
      </object_component>
      <object_component id="oc-828">
         <name>.text:_SlDrvClassifyRxMsg</name>
         <load_address>0x2000a614</load_address>
         <run_address>0x2000a614</run_address>
         <size>0xdc</size>
         <input_file_ref idref="fl-10"/>
      </object_component>
      <object_component id="oc-7ea">
         <name>.text:scalbn</name>
         <load_address>0x2000a6f0</load_address>
         <run_address>0x2000a6f0</run_address>
         <size>0xd0</size>
         <input_file_ref idref="fl-fa"/>
      </object_component>
      <object_component id="oc-925">
         <name>.text:_sl_HandleAsync_DnsGetHostByService</name>
         <load_address>0x2000a7c0</load_address>
         <run_address>0x2000a7c0</run_address>
         <size>0xcc</size>
         <input_file_ref idref="fl-11"/>
      </object_component>
      <object_component id="oc-ea">
         <name>.text:sl_DevGet</name>
         <load_address>0x2000a88c</load_address>
         <run_address>0x2000a88c</run_address>
         <size>0xcc</size>
         <input_file_ref idref="fl-f"/>
      </object_component>
      <object_component id="oc-579">
         <name>.text:_SlRemoveFromList</name>
         <load_address>0x2000a958</load_address>
         <run_address>0x2000a958</run_address>
         <size>0xc4</size>
         <input_file_ref idref="fl-10"/>
      </object_component>
      <object_component id="oc-2be">
         <name>.text:_SlDrvCmdOp</name>
         <load_address>0x2000aa1c</load_address>
         <run_address>0x2000aa1c</run_address>
         <size>0xc0</size>
         <input_file_ref idref="fl-10"/>
      </object_component>
      <object_component id="oc-158">
         <name>.text:sl_Bind</name>
         <load_address>0x2000aadc</load_address>
         <run_address>0x2000aadc</run_address>
         <size>0xb8</size>
         <input_file_ref idref="fl-14"/>
      </object_component>
      <object_component id="oc-6af">
         <name>.text:_ltostr</name>
         <load_address>0x2000ab94</load_address>
         <run_address>0x2000ab94</run_address>
         <size>0xb1</size>
         <input_file_ref idref="fl-e4"/>
      </object_component>
      <object_component id="oc-4d8">
         <name>.text:_SlNonOsSemGet</name>
         <load_address>0x2000ac48</load_address>
         <run_address>0x2000ac48</run_address>
         <size>0xb0</size>
         <input_file_ref idref="fl-13"/>
      </object_component>
      <object_component id="oc-558">
         <name>.text:IntDisable</name>
         <load_address>0x2000acf8</load_address>
         <run_address>0x2000acf8</run_address>
         <size>0xa8</size>
         <input_file_ref idref="fl-17"/>
      </object_component>
      <object_component id="oc-197">
         <name>.text:IntEnable</name>
         <load_address>0x2000ada0</load_address>
         <run_address>0x2000ada0</run_address>
         <size>0xa8</size>
         <input_file_ref idref="fl-17"/>
      </object_component>
      <object_component id="oc-572">
         <name>.text:_SlDriverHandleError</name>
         <load_address>0x2000ae48</load_address>
         <run_address>0x2000ae48</run_address>
         <size>0xa4</size>
         <input_file_ref idref="fl-10"/>
      </object_component>
      <object_component id="oc-4f5">
         <name>.text:SPIConfigSetExpClk</name>
         <load_address>0x2000aeec</load_address>
         <run_address>0x2000aeec</run_address>
         <size>0xa0</size>
         <input_file_ref idref="fl-1a"/>
      </object_component>
      <object_component id="oc-171">
         <name>.text:sl_Recv</name>
         <load_address>0x2000af8c</load_address>
         <run_address>0x2000af8c</run_address>
         <size>0xa0</size>
         <input_file_ref idref="fl-14"/>
      </object_component>
      <object_component id="oc-3d">
         <name>.text</name>
         <load_address>0x2000b02c</load_address>
         <run_address>0x2000b02c</run_address>
         <size>0x9c</size>
         <input_file_ref idref="fl-d8"/>
      </object_component>
      <object_component id="oc-90b">
         <name>.text:_SlDrvDeviceEventHandler</name>
         <load_address>0x2000b0c8</load_address>
         <run_address>0x2000b0c8</run_address>
         <size>0x9a</size>
         <input_file_ref idref="fl-f"/>
      </object_component>
      <object_component id="oc-102">
         <name>.text:sl_NetCfgSet</name>
         <load_address>0x2000b164</load_address>
         <run_address>0x2000b164</run_address>
         <size>0x98</size>
         <input_file_ref idref="fl-12"/>
      </object_component>
      <object_component id="oc-164">
         <name>.text:sl_SetSockOpt</name>
         <load_address>0x2000b1fc</load_address>
         <run_address>0x2000b1fc</run_address>
         <size>0x98</size>
         <input_file_ref idref="fl-14"/>
      </object_component>
      <object_component id="oc-108">
         <name>.text:sl_WlanSet</name>
         <load_address>0x2000b294</load_address>
         <run_address>0x2000b294</run_address>
         <size>0x98</size>
         <input_file_ref idref="fl-15"/>
      </object_component>
      <object_component id="oc-755">
         <name>.text:spi_Write</name>
         <load_address>0x2000b32c</load_address>
         <run_address>0x2000b32c</run_address>
         <size>0x98</size>
         <input_file_ref idref="fl-16"/>
      </object_component>
      <object_component id="oc-79e">
         <name>.text</name>
         <load_address>0x2000b3c4</load_address>
         <run_address>0x2000b3c4</run_address>
         <size>0x96</size>
         <input_file_ref idref="fl-d9"/>
      </object_component>
      <object_component id="oc-207">
         <name>.text:PRCMPeripheralClockGet</name>
         <load_address>0x2000b45c</load_address>
         <run_address>0x2000b45c</run_address>
         <size>0x94</size>
         <input_file_ref idref="fl-19"/>
      </object_component>
      <object_component id="oc-91f">
         <name>.text:_sl_HandleAsync_DnsGetHostByName</name>
         <load_address>0x2000b4f0</load_address>
         <run_address>0x2000b4f0</run_address>
         <size>0x90</size>
         <input_file_ref idref="fl-11"/>
      </object_component>
      <object_component id="oc-8b4">
         <name>.text:_sl_HandleAsync_PingResponse</name>
         <load_address>0x2000b580</load_address>
         <run_address>0x2000b580</run_address>
         <size>0x90</size>
         <input_file_ref idref="fl-11"/>
      </object_component>
      <object_component id="oc-f0">
         <name>.text:sl_WlanPolicySet</name>
         <load_address>0x2000b610</load_address>
         <run_address>0x2000b610</run_address>
         <size>0x90</size>
         <input_file_ref idref="fl-15"/>
      </object_component>
      <object_component id="oc-8bb">
         <name>.text:SetupDMAReceive</name>
         <load_address>0x2000b6a0</load_address>
         <run_address>0x2000b6a0</run_address>
         <size>0x8c</size>
         <input_file_ref idref="fl-16"/>
      </object_component>
      <object_component id="oc-83f">
         <name>.text:SetupDMASend</name>
         <load_address>0x2000b72c</load_address>
         <run_address>0x2000b72c</run_address>
         <size>0x8c</size>
         <input_file_ref idref="fl-16"/>
      </object_component>
      <object_component id="oc-6fe">
         <name>.text:_SlDrvIsTimeoutExpired</name>
         <load_address>0x2000b7b8</load_address>
         <run_address>0x2000b7b8</run_address>
         <size>0x8c</size>
         <input_file_ref idref="fl-10"/>
      </object_component>
      <object_component id="oc-960">
         <name>.text:_sl_HandleAsync_InitComplete</name>
         <load_address>0x2000b844</load_address>
         <run_address>0x2000b844</run_address>
         <size>0x8c</size>
         <input_file_ref idref="fl-f"/>
      </object_component>
      <object_component id="oc-13f">
         <name>.text:sl_Socket</name>
         <load_address>0x2000b8d0</load_address>
         <run_address>0x2000b8d0</run_address>
         <size>0x8c</size>
         <input_file_ref idref="fl-14"/>
      </object_component>
      <object_component id="oc-67f">
         <name>.text:PinConfigSet</name>
         <load_address>0x2000b95c</load_address>
         <run_address>0x2000b95c</run_address>
         <size>0x88</size>
         <input_file_ref idref="fl-18"/>
      </object_component>
      <object_component id="oc-6b5">
         <name>.text:__aeabi_cdcmple</name>
         <load_address>0x2000b9e4</load_address>
         <run_address>0x2000b9e4</run_address>
         <size>0x86</size>
         <input_file_ref idref="fl-e7"/>
      </object_component>
      <object_component id="oc-7af">
         <name>.text:__aeabi_cdrcmple</name>
         <load_address>0x2000ba6a</load_address>
         <run_address>0x2000ba6a</run_address>
         <size>0x86</size>
         <input_file_ref idref="fl-e7"/>
      </object_component>
      <object_component id="oc-265">
         <name>.text:NwpPowerOnPreamble</name>
         <load_address>0x2000baf0</load_address>
         <run_address>0x2000baf0</run_address>
         <size>0x84</size>
         <input_file_ref idref="fl-16"/>
      </object_component>
      <object_component id="oc-117">
         <name>.text:sl_WlanRxFilterSet</name>
         <load_address>0x2000bb74</load_address>
         <run_address>0x2000bb74</run_address>
         <size>0x84</size>
         <input_file_ref idref="fl-15"/>
      </object_component>
      <object_component id="oc-947">
         <name>.text:_sl_HandleAsync_Connect</name>
         <load_address>0x2000bbf8</load_address>
         <run_address>0x2000bbf8</run_address>
         <size>0x80</size>
         <input_file_ref idref="fl-14"/>
      </object_component>
      <object_component id="oc-8c1">
         <name>.text:spi_Read_CPU</name>
         <load_address>0x2000bc78</load_address>
         <run_address>0x2000bc78</run_address>
         <size>0x80</size>
         <input_file_ref idref="fl-16"/>
      </object_component>
      <object_component id="oc-851">
         <name>.text:spi_Write_CPU</name>
         <load_address>0x2000bcf8</load_address>
         <run_address>0x2000bcf8</run_address>
         <size>0x80</size>
         <input_file_ref idref="fl-16"/>
      </object_component>
      <object_component id="oc-8b">
         <name>.text</name>
         <load_address>0x2000bd78</load_address>
         <run_address>0x2000bd78</run_address>
         <size>0x7a</size>
         <input_file_ref idref="fl-d7"/>
      </object_component>
      <object_component id="oc-2d4">
         <name>.text:spi_Close</name>
         <load_address>0x2000bdf4</load_address>
         <run_address>0x2000bdf4</run_address>
         <size>0x78</size>
         <input_file_ref idref="fl-16"/>
      </object_component>
      <object_component id="oc-20d">
         <name>.text:UARTConfigSetExpClk</name>
         <load_address>0x2000be6c</load_address>
         <run_address>0x2000be6c</run_address>
         <size>0x76</size>
         <input_file_ref idref="fl-1c"/>
      </object_component>
      <object_component id="oc-d8">
         <name>.text:_SlNonOsMainLoopTask</name>
         <load_address>0x2000bee4</load_address>
         <run_address>0x2000bee4</run_address>
         <size>0x74</size>
         <input_file_ref idref="fl-13"/>
      </object_component>
      <object_component id="oc-4b5">
         <name>.text:split</name>
         <load_address>0x2000bf58</load_address>
         <run_address>0x2000bf58</run_address>
         <size>0x70</size>
         <input_file_ref idref="fl-de"/>
      </object_component>
      <object_component id="oc-7cf">
         <name>.text:_mcpy</name>
         <load_address>0x2000bfc8</load_address>
         <run_address>0x2000bfc8</run_address>
         <size>0x6e</size>
         <input_file_ref idref="fl-e4"/>
      </object_component>
      <object_component id="oc-978">
         <name>.text:_SlDrvCmdSend</name>
         <load_address>0x2000c038</load_address>
         <run_address>0x2000c038</run_address>
         <size>0x6c</size>
         <input_file_ref idref="fl-10"/>
      </object_component>
      <object_component id="oc-931">
         <name>.text:_sl_NetAppSendTokenValue</name>
         <load_address>0x2000c0a4</load_address>
         <run_address>0x2000c0a4</run_address>
         <size>0x6c</size>
         <input_file_ref idref="fl-11"/>
      </object_component>
      <object_component id="oc-15e">
         <name>.text:sl_Listen</name>
         <load_address>0x2000c110</load_address>
         <run_address>0x2000c110</run_address>
         <size>0x6c</size>
         <input_file_ref idref="fl-14"/>
      </object_component>
      <object_component id="oc-15">
         <name>.text:decompress:lzss:__TI_decompress_lzss</name>
         <load_address>0x2000c17c</load_address>
         <run_address>0x2000c17c</run_address>
         <size>0x68</size>
         <input_file_ref idref="fl-dc"/>
      </object_component>
      <object_component id="oc-598">
         <name>.text:_SlNonOsSpawn</name>
         <load_address>0x2000c1e4</load_address>
         <run_address>0x2000c1e4</run_address>
         <size>0x64</size>
         <input_file_ref idref="fl-13"/>
      </object_component>
      <object_component id="oc-941">
         <name>.text:_sl_HandleAsync_Accept</name>
         <load_address>0x2000c248</load_address>
         <run_address>0x2000c248</run_address>
         <size>0x64</size>
         <input_file_ref idref="fl-14"/>
      </object_component>
      <object_component id="oc-10e">
         <name>.text:sl_NetAppMDNSUnRegisterService</name>
         <load_address>0x2000c2ac</load_address>
         <run_address>0x2000c2ac</run_address>
         <size>0x64</size>
         <input_file_ref idref="fl-11"/>
      </object_component>
      <object_component id="oc-40f">
         <name>.text:uDMAChannelAttributeDisable</name>
         <load_address>0x2000c310</load_address>
         <run_address>0x2000c310</run_address>
         <size>0x64</size>
         <input_file_ref idref="fl-1d"/>
      </object_component>
      <object_component id="oc-433">
         <name>.text:uDMAChannelAttributeEnable</name>
         <load_address>0x2000c374</load_address>
         <run_address>0x2000c374</run_address>
         <size>0x64</size>
         <input_file_ref idref="fl-1d"/>
      </object_component>
      <object_component id="oc-14b">
         <name>.text:sl_Close</name>
         <load_address>0x2000c3d8</load_address>
         <run_address>0x2000c3d8</run_address>
         <size>0x60</size>
         <input_file_ref idref="fl-14"/>
      </object_component>
      <object_component id="oc-f6">
         <name>.text:sl_WlanProfileDel</name>
         <load_address>0x2000c438</load_address>
         <run_address>0x2000c438</run_address>
         <size>0x60</size>
         <input_file_ref idref="fl-15"/>
      </object_component>
      <object_component id="oc-de">
         <name>.text:sl_WlanSetMode</name>
         <load_address>0x2000c498</load_address>
         <run_address>0x2000c498</run_address>
         <size>0x60</size>
         <input_file_ref idref="fl-15"/>
      </object_component>
      <object_component id="oc-7e4">
         <name>.text:frexp</name>
         <load_address>0x2000c4f8</load_address>
         <run_address>0x2000c4f8</run_address>
         <size>0x5c</size>
         <input_file_ref idref="fl-f9"/>
      </object_component>
      <object_component id="oc-564">
         <name>.text:IntPendClear</name>
         <load_address>0x2000c554</load_address>
         <run_address>0x2000c554</run_address>
         <size>0x58</size>
         <input_file_ref idref="fl-17"/>
      </object_component>
      <object_component id="oc-3d6">
         <name>.text:PRCMPeripheralReset</name>
         <load_address>0x2000c5ac</load_address>
         <run_address>0x2000c5ac</run_address>
         <size>0x58</size>
         <input_file_ref idref="fl-19"/>
      </object_component>
      <object_component id="oc-6c0">
         <name>.text:_pconv_f</name>
         <load_address>0x2000c604</load_address>
         <run_address>0x2000c604</run_address>
         <size>0x56</size>
         <input_file_ref idref="fl-e4"/>
      </object_component>
      <object_component id="oc-3f1">
         <name>.text:IntPrioritySet</name>
         <load_address>0x2000c65c</load_address>
         <run_address>0x2000c65c</run_address>
         <size>0x54</size>
         <input_file_ref idref="fl-17"/>
      </object_component>
      <object_component id="oc-2a7">
         <name>.text:_SlDrvRxIrqHandler</name>
         <load_address>0x2000c6b0</load_address>
         <run_address>0x2000c6b0</run_address>
         <size>0x54</size>
         <input_file_ref idref="fl-10"/>
      </object_component>
      <object_component id="oc-7b9">
         <name>.text:__TI_ltoa</name>
         <load_address>0x2000c704</load_address>
         <run_address>0x2000c704</run_address>
         <size>0x54</size>
         <input_file_ref idref="fl-f1"/>
      </object_component>
      <object_component id="oc-94d">
         <name>.text:_sl_HandleAsync_Select</name>
         <load_address>0x2000c758</load_address>
         <run_address>0x2000c758</run_address>
         <size>0x54</size>
         <input_file_ref idref="fl-14"/>
      </object_component>
      <object_component id="oc-7c9">
         <name>.text:_ecpy</name>
         <load_address>0x2000c7ac</load_address>
         <run_address>0x2000c7ac</run_address>
         <size>0x52</size>
         <input_file_ref idref="fl-e4"/>
      </object_component>
      <object_component id="oc-953">
         <name>.text:_sl_HandleAsync_Stop</name>
         <load_address>0x2000c800</load_address>
         <run_address>0x2000c800</run_address>
         <size>0x50</size>
         <input_file_ref idref="fl-f"/>
      </object_component>
      <object_component id="oc-51f">
         <name>.text:SPIIntEnable</name>
         <load_address>0x2000c850</load_address>
         <run_address>0x2000c850</run_address>
         <size>0x4c</size>
         <input_file_ref idref="fl-1a"/>
      </object_component>
      <object_component id="oc-760">
         <name>.text:SPIIntNumberGet</name>
         <load_address>0x2000c89c</load_address>
         <run_address>0x2000c89c</run_address>
         <size>0x4c</size>
         <input_file_ref idref="fl-1a"/>
      </object_component>
      <object_component id="oc-277">
         <name>.text:_SlDrvProtectAsyncRespSetting</name>
         <load_address>0x2000c8e8</load_address>
         <run_address>0x2000c8e8</run_address>
         <size>0x4c</size>
         <input_file_ref idref="fl-10"/>
      </object_component>
      <object_component id="oc-34e">
         <name>.text:_sl_BuildAddress</name>
         <load_address>0x2000c934</load_address>
         <run_address>0x2000c934</run_address>
         <size>0x4c</size>
         <input_file_ref idref="fl-14"/>
      </object_component>
      <object_component id="oc-6a9">
         <name>.text:atoi</name>
         <load_address>0x2000c980</load_address>
         <run_address>0x2000c980</run_address>
         <size>0x4c</size>
         <input_file_ref idref="fl-f3"/>
      </object_component>
      <object_component id="oc-409">
         <name>.text:uDMAChannelAssign</name>
         <load_address>0x2000c9cc</load_address>
         <run_address>0x2000c9cc</run_address>
         <size>0x4c</size>
         <input_file_ref idref="fl-1d"/>
      </object_component>
      <object_component id="oc-725">
         <name>.text:SPIIntClear</name>
         <load_address>0x2000ca18</load_address>
         <run_address>0x2000ca18</run_address>
         <size>0x48</size>
         <input_file_ref idref="fl-1a"/>
      </object_component>
      <object_component id="oc-300">
         <name>.text:_SlDrvBasicCmd</name>
         <load_address>0x2000ca60</load_address>
         <run_address>0x2000ca60</run_address>
         <size>0x48</size>
         <input_file_ref idref="fl-10"/>
      </object_component>
      <object_component id="oc-7b4">
         <name>.text</name>
         <load_address>0x2000caa8</load_address>
         <run_address>0x2000caa8</run_address>
         <size>0x48</size>
         <input_file_ref idref="fl-ea"/>
      </object_component>
      <object_component id="oc-714">
         <name>.text:SPIDmaMaskGet</name>
         <load_address>0x2000caf0</load_address>
         <run_address>0x2000caf0</run_address>
         <size>0x44</size>
         <input_file_ref idref="fl-1a"/>
      </object_component>
      <object_component id="oc-8eb">
         <name>.text:TimerConfigure</name>
         <load_address>0x2000cb34</load_address>
         <run_address>0x2000cb34</run_address>
         <size>0x44</size>
         <input_file_ref idref="fl-1b"/>
      </object_component>
      <object_component id="oc-971">
         <name>.text:_SlDrvHandleHttpServerEvents</name>
         <load_address>0x2000cb78</load_address>
         <run_address>0x2000cb78</run_address>
         <size>0x44</size>
         <input_file_ref idref="fl-10"/>
      </object_component>
      <object_component id="oc-28f">
         <name>.text:_SlDrvSyncObjWaitTimeout</name>
         <load_address>0x2000cbbc</load_address>
         <run_address>0x2000cbbc</run_address>
         <size>0x44</size>
         <input_file_ref idref="fl-10"/>
      </object_component>
      <object_component id="oc-1d5">
         <name>.text:__TI_auto_init_nobinit_nopinit:__TI_auto_init_nobinit_nopinit</name>
         <load_address>0x2000cc00</load_address>
         <run_address>0x2000cc00</run_address>
         <size>0x44</size>
         <input_file_ref idref="fl-ec"/>
      </object_component>
      <object_component id="oc-8ce">
         <name>.text:cc_SetupTransfer</name>
         <load_address>0x2000cc44</load_address>
         <run_address>0x2000cc44</run_address>
         <size>0x44</size>
         <input_file_ref idref="fl-16"/>
      </object_component>
      <object_component id="oc-139">
         <name>.text:sl_Htonl</name>
         <load_address>0x2000cc88</load_address>
         <run_address>0x2000cc88</run_address>
         <size>0x42</size>
         <input_file_ref idref="fl-14"/>
      </object_component>
      <object_component id="oc-679">
         <name>.text:PinModeSet</name>
         <load_address>0x2000cccc</load_address>
         <run_address>0x2000cccc</run_address>
         <size>0x40</size>
         <input_file_ref idref="fl-18"/>
      </object_component>
      <object_component id="oc-917">
         <name>.text:_SlDrvHandleNetAppEvents</name>
         <load_address>0x2000cd0c</load_address>
         <run_address>0x2000cd0c</run_address>
         <size>0x40</size>
         <input_file_ref idref="fl-10"/>
      </object_component>
      <object_component id="oc-911">
         <name>.text:_SlDrvHandleWlanEvents</name>
         <load_address>0x2000cd4c</load_address>
         <run_address>0x2000cd4c</run_address>
         <size>0x40</size>
         <input_file_ref idref="fl-10"/>
      </object_component>
      <object_component id="oc-362">
         <name>.text:_sl_TruncatePayloadByProtocol</name>
         <load_address>0x2000cd8c</load_address>
         <run_address>0x2000cd8c</run_address>
         <size>0x40</size>
         <input_file_ref idref="fl-14"/>
      </object_component>
      <object_component id="oc-121">
         <name>.text:strtok</name>
         <load_address>0x2000cdcc</load_address>
         <run_address>0x2000cdcc</run_address>
         <size>0x40</size>
         <input_file_ref idref="fl-e0"/>
      </object_component>
      <object_component id="oc-219">
         <name>.text:vsnprintf</name>
         <load_address>0x2000ce0c</load_address>
         <run_address>0x2000ce0c</run_address>
         <size>0x40</size>
         <input_file_ref idref="fl-d6"/>
      </object_component>
      <object_component id="oc-283">
         <name>.text:NwpRegisterInterruptHandler</name>
         <load_address>0x2000ce4c</load_address>
         <run_address>0x2000ce4c</run_address>
         <size>0x3e</size>
         <input_file_ref idref="fl-16"/>
      </object_component>
      <object_component id="oc-7dc">
         <name>.text:_fcpy</name>
         <load_address>0x2000ce8a</load_address>
         <run_address>0x2000ce8a</run_address>
         <size>0x3e</size>
         <input_file_ref idref="fl-e4"/>
      </object_component>
      <object_component id="oc-938">
         <name>.text:CopyPingResultsToReport</name>
         <load_address>0x2000cec8</load_address>
         <run_address>0x2000cec8</run_address>
         <size>0x3c</size>
         <input_file_ref idref="fl-11"/>
      </object_component>
      <object_component id="oc-3d0">
         <name>.text:PRCMPeripheralClkEnable</name>
         <load_address>0x2000cf04</load_address>
         <run_address>0x2000cf04</run_address>
         <size>0x3c</size>
         <input_file_ref idref="fl-19"/>
      </object_component>
      <object_component id="oc-894">
         <name>.text:simplelink_timerA2_start</name>
         <load_address>0x2000cf40</load_address>
         <run_address>0x2000cf40</run_address>
         <size>0x3c</size>
         <input_file_ref idref="fl-16"/>
      </object_component>
      <object_component id="oc-133">
         <name>.text:sl_Htons</name>
         <load_address>0x2000cf7c</load_address>
         <run_address>0x2000cf7c</run_address>
         <size>0x3c</size>
         <input_file_ref idref="fl-14"/>
      </object_component>
      <object_component id="oc-42d">
         <name>.text:uDMAChannelControlSet</name>
         <load_address>0x2000cfb8</load_address>
         <run_address>0x2000cfb8</run_address>
         <size>0x3c</size>
         <input_file_ref idref="fl-1d"/>
      </object_component>
      <object_component id="oc-27d">
         <name>.text:NwpPowerOff</name>
         <load_address>0x2000cff4</load_address>
         <run_address>0x2000cff4</run_address>
         <size>0x38</size>
         <input_file_ref idref="fl-16"/>
      </object_component>
      <object_component id="oc-fc">
         <name>.text:sl_WlanDisconnect</name>
         <load_address>0x2000d02c</load_address>
         <run_address>0x2000d02c</run_address>
         <size>0x38</size>
         <input_file_ref idref="fl-15"/>
      </object_component>
      <object_component id="oc-289">
         <name>.text:NwpPowerOn</name>
         <load_address>0x2000d064</load_address>
         <run_address>0x2000d064</run_address>
         <size>0x34</size>
         <input_file_ref idref="fl-16"/>
      </object_component>
      <object_component id="oc-4fb">
         <name>.text:PRCMPeripheralStatusGet</name>
         <load_address>0x2000d098</load_address>
         <run_address>0x2000d098</run_address>
         <size>0x34</size>
         <input_file_ref idref="fl-19"/>
      </object_component>
      <object_component id="oc-513">
         <name>.text:SPIFIFOLevelSet</name>
         <load_address>0x2000d0cc</load_address>
         <run_address>0x2000d0cc</run_address>
         <size>0x34</size>
         <input_file_ref idref="fl-1a"/>
      </object_component>
      <object_component id="oc-478">
         <name>.text:UARTDisable</name>
         <load_address>0x2000d100</load_address>
         <run_address>0x2000d100</run_address>
         <size>0x30</size>
         <input_file_ref idref="fl-1c"/>
      </object_component>
      <object_component id="oc-48c">
         <name>.text:_outs</name>
         <load_address>0x2000d130</load_address>
         <run_address>0x2000d130</run_address>
         <size>0x30</size>
         <input_file_ref idref="fl-d6"/>
      </object_component>
      <object_component id="oc-7bf">
         <name>.text</name>
         <load_address>0x2000d160</load_address>
         <run_address>0x2000d160</run_address>
         <size>0x2e</size>
         <input_file_ref idref="fl-eb"/>
      </object_component>
      <object_component id="oc-3be">
         <name>.text:PRCMSysResetCauseGet</name>
         <load_address>0x2000d190</load_address>
         <run_address>0x2000d190</run_address>
         <size>0x2c</size>
         <input_file_ref idref="fl-19"/>
      </object_component>
      <object_component id="oc-5ab">
         <name>.text:_SlDrvObjGlobalLockWaitForever</name>
         <load_address>0x2000d1bc</load_address>
         <run_address>0x2000d1bc</run_address>
         <size>0x2c</size>
         <input_file_ref idref="fl-10"/>
      </object_component>
      <object_component id="oc-544">
         <name>.text:_SlDrvProtectionObjLockWaitForever</name>
         <load_address>0x2000d1e8</load_address>
         <run_address>0x2000d1e8</run_address>
         <size>0x2c</size>
         <input_file_ref idref="fl-10"/>
      </object_component>
      <object_component id="oc-8f7">
         <name>.text:TimerLoadSet</name>
         <load_address>0x2000d214</load_address>
         <run_address>0x2000d214</run_address>
         <size>0x2a</size>
         <input_file_ref idref="fl-1b"/>
      </object_component>
      <object_component id="oc-8f1">
         <name>.text:TimerPrescaleSet</name>
         <load_address>0x2000d23e</load_address>
         <run_address>0x2000d23e</run_address>
         <size>0x2a</size>
         <input_file_ref idref="fl-1b"/>
      </object_component>
      <object_component id="oc-325">
         <name>.text:strspn</name>
         <load_address>0x2000d268</load_address>
         <run_address>0x2000d268</run_address>
         <size>0x2a</size>
         <input_file_ref idref="fl-f8"/>
      </object_component>
      <object_component id="oc-3dc">
         <name>.text:PRCMPeripheralClkDisable</name>
         <load_address>0x2000d294</load_address>
         <run_address>0x2000d294</run_address>
         <size>0x28</size>
         <input_file_ref idref="fl-19"/>
      </object_component>
      <object_component id="oc-5b1">
         <name>.text:_SlDrvGlobalObjUnLock</name>
         <load_address>0x2000d2bc</load_address>
         <run_address>0x2000d2bc</run_address>
         <size>0x28</size>
         <input_file_ref idref="fl-10"/>
      </object_component>
      <object_component id="oc-54a">
         <name>.text:_SlDrvProtectionObjUnLock</name>
         <load_address>0x2000d2e4</load_address>
         <run_address>0x2000d2e4</run_address>
         <size>0x28</size>
         <input_file_ref idref="fl-10"/>
      </object_component>
      <object_component id="oc-354">
         <name>.text:_SlDrvSyncObjWaitForever</name>
         <load_address>0x2000d30c</load_address>
         <run_address>0x2000d30c</run_address>
         <size>0x28</size>
         <input_file_ref idref="fl-10"/>
      </object_component>
      <object_component id="oc-4bc">
         <name>.text:free_list_insert</name>
         <load_address>0x2000d334</load_address>
         <run_address>0x2000d334</run_address>
         <size>0x28</size>
         <input_file_ref idref="fl-de"/>
      </object_component>
      <object_component id="oc-22b">
         <name>.text:memmove</name>
         <load_address>0x2000d35c</load_address>
         <run_address>0x2000d35c</run_address>
         <size>0x28</size>
         <input_file_ref idref="fl-dd"/>
      </object_component>
      <object_component id="oc-61a">
         <name>.text:_SlDrvObjLockWaitForever</name>
         <load_address>0x2000d384</load_address>
         <run_address>0x2000d384</run_address>
         <size>0x26</size>
         <input_file_ref idref="fl-10"/>
      </object_component>
      <object_component id="oc-988">
         <name>.text</name>
         <load_address>0x2000d3aa</load_address>
         <run_address>0x2000d3aa</run_address>
         <size>0x26</size>
         <input_file_ref idref="fl-4"/>
      </object_component>
      <object_component id="oc-531">
         <name>.text:DmaSpiSwIntHandler</name>
         <load_address>0x2000d3d0</load_address>
         <run_address>0x2000d3d0</run_address>
         <size>0x24</size>
         <input_file_ref idref="fl-16"/>
      </object_component>
      <object_component id="oc-55e">
         <name>.text:IntUnregister</name>
         <load_address>0x2000d3f4</load_address>
         <run_address>0x2000d3f4</run_address>
         <size>0x24</size>
         <input_file_ref idref="fl-17"/>
      </object_component>
      <object_component id="oc-47e">
         <name>.text:UARTEnable</name>
         <load_address>0x2000d418</load_address>
         <run_address>0x2000d418</run_address>
         <size>0x24</size>
         <input_file_ref idref="fl-1c"/>
      </object_component>
      <object_component id="oc-5b">
         <name>.text:_c_int00_noargs:_c_int00_noargs</name>
         <load_address>0x2000d43c</load_address>
         <run_address>0x2000d43c</run_address>
         <size>0x24</size>
         <input_file_ref idref="fl-e3"/>
      </object_component>
      <object_component id="oc-32b">
         <name>.text:strcspn</name>
         <load_address>0x2000d460</load_address>
         <run_address>0x2000d460</run_address>
         <size>0x24</size>
         <input_file_ref idref="fl-f7"/>
      </object_component>
      <object_component id="oc-4ef">
         <name>.text:SPIReset</name>
         <load_address>0x2000d484</load_address>
         <run_address>0x2000d484</run_address>
         <size>0x22</size>
         <input_file_ref idref="fl-1a"/>
      </object_component>
      <object_component id="oc-84b">
         <name>.text:SPIWordCountSet</name>
         <load_address>0x2000d4a6</load_address>
         <run_address>0x2000d4a6</run_address>
         <size>0x22</size>
         <input_file_ref idref="fl-1a"/>
      </object_component>
      <object_component id="oc-519">
         <name>.text:IntRegister</name>
         <load_address>0x2000d4c8</load_address>
         <run_address>0x2000d4c8</run_address>
         <size>0x20</size>
         <input_file_ref idref="fl-17"/>
      </object_component>
      <object_component id="oc-2ce">
         <name>.text:NwpPrePowerOffTimout0</name>
         <load_address>0x2000d4e8</load_address>
         <run_address>0x2000d4e8</run_address>
         <size>0x20</size>
         <input_file_ref idref="fl-16"/>
      </object_component>
      <object_component id="oc-80e">
         <name>.text:TimerGetCurrentTimestamp</name>
         <load_address>0x2000d508</load_address>
         <run_address>0x2000d508</run_address>
         <size>0x20</size>
         <input_file_ref idref="fl-16"/>
      </object_component>
      <object_component id="oc-620">
         <name>.text:_SlDrvObjUnLock</name>
         <load_address>0x2000d528</load_address>
         <run_address>0x2000d528</run_address>
         <size>0x20</size>
         <input_file_ref idref="fl-10"/>
      </object_component>
      <object_component id="oc-57f">
         <name>.text:_SlDrvSyncObjSignal</name>
         <load_address>0x2000d548</load_address>
         <run_address>0x2000d548</run_address>
         <size>0x20</size>
         <input_file_ref idref="fl-10"/>
      </object_component>
      <object_component id="oc-8fd">
         <name>.text:TimerEnable</name>
         <load_address>0x2000d568</load_address>
         <run_address>0x2000d568</run_address>
         <size>0x1e</size>
         <input_file_ref idref="fl-1b"/>
      </object_component>
      <object_component id="oc-213">
         <name>.text:UARTCharPut</name>
         <load_address>0x2000d586</load_address>
         <run_address>0x2000d586</run_address>
         <size>0x1e</size>
         <input_file_ref idref="fl-1c"/>
      </object_component>
      <object_component id="oc-501">
         <name>.text:cc_UDMAChannelSelect</name>
         <load_address>0x2000d5a4</load_address>
         <run_address>0x2000d5a4</run_address>
         <size>0x1e</size>
         <input_file_ref idref="fl-16"/>
      </object_component>
      <object_component id="oc-89a">
         <name>.text:TimerValueGet</name>
         <load_address>0x2000d5c2</load_address>
         <run_address>0x2000d5c2</run_address>
         <size>0x1c</size>
         <input_file_ref idref="fl-1b"/>
      </object_component>
      <object_component id="oc-225">
         <name>.text:UARTCharGetNonBlocking</name>
         <load_address>0x2000d5de</load_address>
         <run_address>0x2000d5de</run_address>
         <size>0x1c</size>
         <input_file_ref idref="fl-1c"/>
      </object_component>
      <object_component id="oc-6f8">
         <name>.text:_SlDrvStartMeasureTimeout</name>
         <load_address>0x2000d5fa</load_address>
         <run_address>0x2000d5fa</run_address>
         <size>0x1c</size>
         <input_file_ref idref="fl-10"/>
      </object_component>
      <object_component id="oc-4af">
         <name>.text:free_list_remove</name>
         <load_address>0x2000d618</load_address>
         <run_address>0x2000d618</run_address>
         <size>0x1c</size>
         <input_file_ref idref="fl-de"/>
      </object_component>
      <object_component id="oc-6d2">
         <name>.text:memccpy</name>
         <load_address>0x2000d634</load_address>
         <run_address>0x2000d634</run_address>
         <size>0x1c</size>
         <input_file_ref idref="fl-f5"/>
      </object_component>
      <object_component id="oc-1ac">
         <name>.text</name>
         <load_address>0x2000d650</load_address>
         <run_address>0x2000d650</run_address>
         <size>0x1c</size>
         <input_file_ref idref="fl-5"/>
      </object_component>
      <object_component id="oc-41b">
         <name>.text:uDMAChannelDisable</name>
         <load_address>0x2000d66c</load_address>
         <run_address>0x2000d66c</run_address>
         <size>0x1c</size>
         <input_file_ref idref="fl-1d"/>
      </object_component>
      <object_component id="oc-43f">
         <name>.text:uDMAChannelEnable</name>
         <load_address>0x2000d688</load_address>
         <run_address>0x2000d688</run_address>
         <size>0x1c</size>
         <input_file_ref idref="fl-1d"/>
      </object_component>
      <object_component id="oc-415">
         <name>.text:uDMAChannelRequest</name>
         <load_address>0x2000d6a4</load_address>
         <run_address>0x2000d6a4</run_address>
         <size>0x1c</size>
         <input_file_ref idref="fl-1d"/>
      </object_component>
      <object_component id="oc-450">
         <name>.text:PinTypeUART</name>
         <load_address>0x2000d6c0</load_address>
         <run_address>0x2000d6c0</run_address>
         <size>0x1a</size>
         <input_file_ref idref="fl-18"/>
      </object_component>
      <object_component id="oc-5d5">
         <name>.text:SPIDmaDisable</name>
         <load_address>0x2000d6da</load_address>
         <run_address>0x2000d6da</run_address>
         <size>0x1a</size>
         <input_file_ref idref="fl-1a"/>
      </object_component>
      <object_component id="oc-50d">
         <name>.text:SPIDmaEnable</name>
         <load_address>0x2000d6f4</load_address>
         <run_address>0x2000d6f4</run_address>
         <size>0x1a</size>
         <input_file_ref idref="fl-1a"/>
      </object_component>
      <object_component id="oc-5cf">
         <name>.text:SPIFIFODisable</name>
         <load_address>0x2000d70e</load_address>
         <run_address>0x2000d70e</run_address>
         <size>0x1a</size>
         <input_file_ref idref="fl-1a"/>
      </object_component>
      <object_component id="oc-507">
         <name>.text:SPIFIFOEnable</name>
         <load_address>0x2000d728</load_address>
         <run_address>0x2000d728</run_address>
         <size>0x1a</size>
         <input_file_ref idref="fl-1a"/>
      </object_component>
      <object_component id="oc-5c9">
         <name>.text:SPIIntUnregister</name>
         <load_address>0x2000d742</load_address>
         <run_address>0x2000d742</run_address>
         <size>0x1a</size>
         <input_file_ref idref="fl-1a"/>
      </object_component>
      <object_component id="oc-4e3">
         <name>.text:SPICSDisable</name>
         <load_address>0x2000d75c</load_address>
         <run_address>0x2000d75c</run_address>
         <size>0x18</size>
         <input_file_ref idref="fl-1a"/>
      </object_component>
      <object_component id="oc-845">
         <name>.text:SPICSEnable</name>
         <load_address>0x2000d774</load_address>
         <run_address>0x2000d774</run_address>
         <size>0x18</size>
         <input_file_ref idref="fl-1a"/>
      </object_component>
      <object_component id="oc-4e9">
         <name>.text:SPIDisable</name>
         <load_address>0x2000d78c</load_address>
         <run_address>0x2000d78c</run_address>
         <size>0x18</size>
         <input_file_ref idref="fl-1a"/>
      </object_component>
      <object_component id="oc-525">
         <name>.text:SPIEnable</name>
         <load_address>0x2000d7a4</load_address>
         <run_address>0x2000d7a4</run_address>
         <size>0x18</size>
         <input_file_ref idref="fl-1a"/>
      </object_component>
      <object_component id="oc-21f">
         <name>.text:UARTCharsAvail</name>
         <load_address>0x2000d7bc</load_address>
         <run_address>0x2000d7bc</run_address>
         <size>0x18</size>
         <input_file_ref idref="fl-1c"/>
      </object_component>
      <object_component id="oc-4d2">
         <name>.text:_SlNonOsSemSet</name>
         <load_address>0x2000d7d4</load_address>
         <run_address>0x2000d7d4</run_address>
         <size>0x18</size>
         <input_file_ref idref="fl-13"/>
      </object_component>
      <object_component id="oc-492">
         <name>.text:_outc</name>
         <load_address>0x2000d7ec</load_address>
         <run_address>0x2000d7ec</run_address>
         <size>0x18</size>
         <input_file_ref idref="fl-d6"/>
      </object_component>
      <object_component id="oc-29b">
         <name>.text:_sl_GetStartResponseConvert</name>
         <load_address>0x2000d804</load_address>
         <run_address>0x2000d804</run_address>
         <size>0x18</size>
         <input_file_ref idref="fl-f"/>
      </object_component>
      <object_component id="oc-3c4">
         <name>.text:PRCMHIBRegRead</name>
         <load_address>0x2000d81c</load_address>
         <run_address>0x2000d81c</run_address>
         <size>0x16</size>
         <input_file_ref idref="fl-19"/>
      </object_component>
      <object_component id="oc-3ca">
         <name>.text:PRCMHIBRegWrite</name>
         <load_address>0x2000d832</load_address>
         <run_address>0x2000d832</run_address>
         <size>0x16</size>
         <input_file_ref idref="fl-19"/>
      </object_component>
      <object_component id="oc-12d">
         <name>.text:UARTCharGet</name>
         <load_address>0x2000d848</load_address>
         <run_address>0x2000d848</run_address>
         <size>0x16</size>
         <input_file_ref idref="fl-1c"/>
      </object_component>
      <object_component id="oc-3a8">
         <name>.text:_SlDrvMemZero</name>
         <load_address>0x2000d85e</load_address>
         <run_address>0x2000d85e</run_address>
         <size>0x16</size>
         <input_file_ref idref="fl-10"/>
      </object_component>
      <object_component id="oc-7f0">
         <name>.text:strchr</name>
         <load_address>0x2000d874</load_address>
         <run_address>0x2000d874</run_address>
         <size>0x16</size>
         <input_file_ref idref="fl-f6"/>
      </object_component>
      <object_component id="oc-3f7">
         <name>.text:uDMAIntRegister</name>
         <load_address>0x2000d88a</load_address>
         <run_address>0x2000d88a</run_address>
         <size>0x16</size>
         <input_file_ref idref="fl-1d"/>
      </object_component>
      <object_component id="oc-3b3">
         <name>.text:CPUcpsie</name>
         <load_address>0x2000d8a0</load_address>
         <run_address>0x2000d8a0</run_address>
         <size>0x14</size>
         <input_file_ref idref="fl-1f"/>
      </object_component>
      <object_component id="oc-18b">
         <name>.text:IntVTableBaseSet</name>
         <load_address>0x2000d8b4</load_address>
         <run_address>0x2000d8b4</run_address>
         <size>0x14</size>
         <input_file_ref idref="fl-17"/>
      </object_component>
      <object_component id="oc-17e">
         <name>.text:strlen</name>
         <load_address>0x2000d8c8</load_address>
         <run_address>0x2000d8c8</run_address>
         <size>0x14</size>
         <input_file_ref idref="fl-df"/>
      </object_component>
      <object_component id="oc-403">
         <name>.text:uDMAControlBaseSet</name>
         <load_address>0x2000d8dc</load_address>
         <run_address>0x2000d8dc</run_address>
         <size>0x14</size>
         <input_file_ref idref="fl-1d"/>
      </object_component>
      <object_component id="oc-3eb">
         <name>.text:uDMAIntClear</name>
         <load_address>0x2000d8f0</load_address>
         <run_address>0x2000d8f0</run_address>
         <size>0x14</size>
         <input_file_ref idref="fl-1d"/>
      </object_component>
      <object_component id="oc-421">
         <name>.text:uDMAIntUnregister</name>
         <load_address>0x2000d904</load_address>
         <run_address>0x2000d904</run_address>
         <size>0x12</size>
         <input_file_ref idref="fl-1d"/>
      </object_component>
      <object_component id="oc-6d8">
         <name>.text:wcslen</name>
         <load_address>0x2000d916</load_address>
         <run_address>0x2000d916</run_address>
         <size>0x12</size>
         <input_file_ref idref="fl-fb"/>
      </object_component>
      <object_component id="oc-92b">
         <name>.text:_SlDrvDispatchHttpServerEvents</name>
         <load_address>0x2000d928</load_address>
         <run_address>0x2000d928</run_address>
         <size>0x10</size>
         <input_file_ref idref="fl-10"/>
      </object_component>
      <object_component id="oc-2e9">
         <name>.text:_SlDrvResetCmdExt</name>
         <load_address>0x2000d938</load_address>
         <run_address>0x2000d938</run_address>
         <size>0xe</size>
         <input_file_ref idref="fl-10"/>
      </object_component>
      <object_component id="oc-1b">
         <name>.text:decompress:none:__TI_decompress_none</name>
         <load_address>0x2000d946</load_address>
         <run_address>0x2000d946</run_address>
         <size>0xe</size>
         <input_file_ref idref="fl-db"/>
      </object_component>
      <object_component id="oc-29">
         <name>.text</name>
         <load_address>0x2000d954</load_address>
         <run_address>0x2000d954</run_address>
         <size>0xe</size>
         <input_file_ref idref="fl-6"/>
      </object_component>
      <object_component id="oc-551">
         <name>.text:NwpMaskInterrupt</name>
         <load_address>0x2000d964</load_address>
         <run_address>0x2000d964</run_address>
         <size>0xc</size>
         <input_file_ref idref="fl-16"/>
      </object_component>
      <object_component id="oc-56b">
         <name>.text:NwpUnMaskInterrupt</name>
         <load_address>0x2000d970</load_address>
         <run_address>0x2000d970</run_address>
         <size>0xc</size>
         <input_file_ref idref="fl-16"/>
      </object_component>
      <object_component id="oc-87c">
         <name>.text:copysign</name>
         <load_address>0x2000d97c</load_address>
         <run_address>0x2000d97c</run_address>
         <size>0xc</size>
         <input_file_ref idref="fl-fc"/>
      </object_component>
      <object_component id="oc-4f">
         <name>.text:decompress:ZI:__TI_zero_init</name>
         <load_address>0x2000d988</load_address>
         <run_address>0x2000d988</run_address>
         <size>0xc</size>
         <input_file_ref idref="fl-da"/>
      </object_component>
      <object_component id="oc-427">
         <name>.text:uDMADisable</name>
         <load_address>0x2000d994</load_address>
         <run_address>0x2000d994</run_address>
         <size>0xc</size>
         <input_file_ref idref="fl-1d"/>
      </object_component>
      <object_component id="oc-3fd">
         <name>.text:uDMAEnable</name>
         <load_address>0x2000d9a0</load_address>
         <run_address>0x2000d9a0</run_address>
         <size>0xc</size>
         <input_file_ref idref="fl-1d"/>
      </object_component>
      <object_component id="oc-3e5">
         <name>.text:uDMAIntStatus</name>
         <load_address>0x2000d9ac</load_address>
         <run_address>0x2000d9ac</run_address>
         <size>0xc</size>
         <input_file_ref idref="fl-1d"/>
      </object_component>
      <object_component id="oc-191">
         <name>.text:IntMasterEnable</name>
         <load_address>0x2000d9b8</load_address>
         <run_address>0x2000d9b8</run_address>
         <size>0xa</size>
         <input_file_ref idref="fl-17"/>
      </object_component>
      <object_component id="oc-336">
         <name>.text:__aeabi_errno_addr</name>
         <load_address>0x2000d9c4</load_address>
         <run_address>0x2000d9c4</run_address>
         <size>0x8</size>
         <input_file_ref idref="fl-e2"/>
      </object_component>
      <object_component id="oc-231">
         <name>.text:malloc</name>
         <load_address>0x2000d9cc</load_address>
         <run_address>0x2000d9cc</run_address>
         <size>0x8</size>
         <input_file_ref idref="fl-de"/>
      </object_component>
      <object_component id="oc-170">
         <name>.text:UtilsDelay</name>
         <load_address>0x2000d9d4</load_address>
         <run_address>0x2000d9d4</run_address>
         <size>0x6</size>
         <input_file_ref idref="fl-1e"/>
      </object_component>
      <object_component id="oc-91">
         <name>.text:_system_pre_init</name>
         <load_address>0x2000d9da</load_address>
         <run_address>0x2000d9da</run_address>
         <size>0x4</size>
         <input_file_ref idref="fl-ed"/>
      </object_component>
      <object_component id="oc-1c9">
         <name>.text:abort:abort</name>
         <load_address>0x2000d9de</load_address>
         <run_address>0x2000d9de</run_address>
         <size>0x4</size>
         <input_file_ref idref="fl-ef"/>
      </object_component>
      <object_component id="oc-33c">
         <name>.const:.string:_ctypes_</name>
         <load_address>0x2000d9e4</load_address>
         <run_address>0x2000d9e4</run_address>
         <size>0x101</size>
         <input_file_ref idref="fl-f4"/>
      </object_component>
      <object_component id="oc-788">
         <name>.const:g_ulPinToPadMap</name>
         <load_address>0x2000dae8</load_address>
         <run_address>0x2000dae8</run_address>
         <size>0x100</size>
         <input_file_ref idref="fl-18"/>
      </object_component>
      <object_component id="oc-65b">
         <name>.const:g_pulRegs</name>
         <load_address>0x2000dbe8</load_address>
         <run_address>0x2000dbe8</run_address>
         <size>0xd4</size>
         <input_file_ref idref="fl-17"/>
      </object_component>
      <object_component id="oc-652">
         <name>.const:PRCM_PeriphRegsList</name>
         <load_address>0x2000dcbc</load_address>
         <run_address>0x2000dcbc</run_address>
         <size>0xa8</size>
         <input_file_ref idref="fl-19"/>
      </object_component>
      <object_component id="oc-83b">
         <name>.const:OpcodeTranslateTable</name>
         <load_address>0x2000dd64</load_address>
         <run_address>0x2000dd64</run_address>
         <size>0x3c</size>
         <input_file_ref idref="fl-10"/>
      </object_component>
      <object_component id="oc-8c8">
         <name>.const:_SlActionLookupTable</name>
         <load_address>0x2000dda0</load_address>
         <run_address>0x2000dda0</run_address>
         <size>0x38</size>
         <input_file_ref idref="fl-10"/>
      </object_component>
      <object_component id="oc-114">
         <name>.const:$P$T1$2</name>
         <load_address>0x2000ddd8</load_address>
         <run_address>0x2000ddd8</run_address>
         <size>0x2c</size>
         <input_file_ref idref="fl-2"/>
      </object_component>
      <object_component id="oc-85a">
         <name>.const:g_ppulSPIIntMap</name>
         <load_address>0x2000de04</load_address>
         <run_address>0x2000de04</run_address>
         <size>0x24</size>
         <input_file_ref idref="fl-1a"/>
      </object_component>
      <object_component id="oc-120">
         <name>.const:.string:$P$T0$1</name>
         <load_address>0x2000de28</load_address>
         <run_address>0x2000de28</run_address>
[...]
      </symbol>
      <symbol id="sm-c1a">
         <name>PinTypeUART</name>
         <value>0x2000d6c1</value>
         <object_component_ref idref="oc-450"/>
      </symbol>
      <symbol id="sm-c1b">
         <name>PinConfigSet</name>
         <value>0x2000b95d</value>
         <object_component_ref idref="oc-67f"/>
      </symbol>
      <symbol id="sm-c1c">
         <name>PinModeSet</name>
         <value>0x2000cccd</value>
         <object_component_ref idref="oc-679"/>
      </symbol>
      <symbol id="sm-caf">
         <name>PRCMPeripheralReset</name>
         <value>0x2000c5ad</value>
         <object_component_ref idref="oc-3d6"/>
      </symbol>
      <symbol id="sm-cb0">
         <name>PRCMPeripheralClkEnable</name>
         <value>0x2000cf05</value>
         <object_component_ref idref="oc-3d0"/>
      </symbol>
      <symbol id="sm-cb1">
         <name>PRCMPeripheralClockGet</name>
         <value>0x2000b45d</value>
         <object_component_ref idref="oc-207"/>
      </symbol>
      <symbol id="sm-cb2">
         <name>PRCMCC3200MCUInit</name>
         <value>0x20008d05</value>
         <object_component_ref idref="oc-19d"/>
      </symbol>
      <symbol id="sm-cb3">
         <name>PRCMHIBRegWrite</name>
         <value>0x2000d833</value>
         <object_component_ref idref="oc-3ca"/>
      </symbol>
      <symbol id="sm-cb4">
         <name>PRCMSysResetCauseGet</name>
         <value>0x2000d191</value>
         <object_component_ref idref="oc-3be"/>
      </symbol>
      <symbol id="sm-cb5">
         <name>PRCMPeripheralStatusGet</name>
         <value>0x2000d099</value>
         <object_component_ref idref="oc-4fb"/>
      </symbol>
      <symbol id="sm-cb6">
         <name>PRCMPeripheralClkDisable</name>
         <value>0x2000d295</value>
         <object_component_ref idref="oc-3dc"/>
      </symbol>
      <symbol id="sm-cb7">
         <name>PRCMHIBRegRead</name>
         <value>0x2000d81d</value>
         <object_component_ref idref="oc-3c4"/>
      </symbol>
      <symbol id="sm-d72">
         <name>SPIFIFODisable</name>
         <value>0x2000d70f</value>
         <object_component_ref idref="oc-5cf"/>
      </symbol>
      <symbol id="sm-d73">
         <name>SPICSEnable</name>
         <value>0x2000d775</value>
         <object_component_ref idref="oc-845"/>
      </symbol>
      <symbol id="sm-d74">
         <name>SPIDisable</name>
         <value>0x2000d78d</value>
         <object_component_ref idref="oc-4e9"/>
      </symbol>
      <symbol id="sm-d75">
         <name>SPIFIFOEnable</name>
         <value>0x2000d729</value>
         <object_component_ref idref="oc-507"/>
      </symbol>
      <symbol id="sm-d76">
         <name>SPIWordCountSet</name>
         <value>0x2000d4a7</value>
         <object_component_ref idref="oc-84b"/>
      </symbol>
      <symbol id="sm-d77">
         <name>SPIEnable</name>
         <value>0x2000d7a5</value>
         <object_component_ref idref="oc-525"/>
      </symbol>
      <symbol id="sm-d78">
         <name>SPIDmaEnable</name>
         <value>0x2000d6f5</value>
         <object_component_ref idref="oc-50d"/>
      </symbol>
      <symbol id="sm-d79">
         <name>SPIConfigSetExpClk</name>
         <value>0x2000aeed</value>
         <object_component_ref idref="oc-4f5"/>
      </symbol>
      <symbol id="sm-d7a">
         <name>SPIIntUnregister</name>
         <value>0x2000d743</value>
         <object_component_ref idref="oc-5c9"/>
      </symbol>
      <symbol id="sm-d7b">
         <name>SPIFIFOLevelSet</name>
         <value>0x2000d0cd</value>
         <object_component_ref idref="oc-513"/>
      </symbol>
      <symbol id="sm-d7c">
         <name>SPIDmaDisable</name>
         <value>0x2000d6db</value>
         <object_component_ref idref="oc-5d5"/>
      </symbol>
      <symbol id="sm-d7d">
         <name>SPIReset</name>
         <value>0x2000d485</value>
         <object_component_ref idref="oc-4ef"/>
      </symbol>
      <symbol id="sm-d7e">
         <name>SPIIntEnable</name>
         <value>0x2000c851</value>
         <object_component_ref idref="oc-51f"/>
      </symbol>
      <symbol id="sm-d7f">
         <name>SPIIntClear</name>
         <value>0x2000ca19</value>
         <object_component_ref idref="oc-725"/>
      </symbol>
      <symbol id="sm-d80">
         <name>SPICSDisable</name>
         <value>0x2000d75d</value>
         <object_component_ref idref="oc-4e3"/>
      </symbol>
      <symbol id="sm-db3">
         <name>TimerLoadSet</name>
         <value>0x2000d215</value>
         <object_component_ref idref="oc-8f7"/>
      </symbol>
      <symbol id="sm-db4">
         <name>TimerEnable</name>
         <value>0x2000d569</value>
         <object_component_ref idref="oc-8fd"/>
      </symbol>
      <symbol id="sm-db5">
         <name>TimerValueGet</name>
         <value>0x2000d5c3</value>
         <object_component_ref idref="oc-89a"/>
      </symbol>
      <symbol id="sm-db6">
         <name>TimerPrescaleSet</name>
         <value>0x2000d23f</value>
         <object_component_ref idref="oc-8f1"/>
      </symbol>
      <symbol id="sm-db7">
         <name>TimerConfigure</name>
         <value>0x2000cb35</value>
         <object_component_ref idref="oc-8eb"/>
      </symbol>
      <symbol id="sm-dfc">
         <name>UARTConfigSetExpClk</name>
         <value>0x2000be6d</value>
         <object_component_ref idref="oc-20d"/>
      </symbol>
      <symbol id="sm-dfd">
         <name>UARTDisable</name>
         <value>0x2000d101</value>
         <object_component_ref idref="oc-478"/>
      </symbol>
      <symbol id="sm-dfe">
         <name>UARTCharsAvail</name>
         <value>0x2000d7bd</value>
         <object_component_ref idref="oc-21f"/>
      </symbol>
      <symbol id="sm-dff">
         <name>UARTCharGetNonBlocking</name>
         <value>0x2000d5df</value>
         <object_component_ref idref="oc-225"/>
      </symbol>
      <symbol id="sm-e00">
         <name>UARTCharPut</name>
         <value>0x2000d587</value>
         <object_component_ref idref="oc-213"/>
      </symbol>
      <symbol id="sm-e01">
         <name>UARTEnable</name>
         <value>0x2000d419</value>
         <object_component_ref idref="oc-47e"/>
      </symbol>
      <symbol id="sm-e02">
         <name>UARTCharGet</name>
         <value>0x2000d849</value>
         <object_component_ref idref="oc-12d"/>
      </symbol>
      <symbol id="sm-eaf">
         <name>uDMAChannelControlSet</name>
         <value>0x2000cfb9</value>
         <object_component_ref idref="oc-42d"/>
      </symbol>
      <symbol id="sm-eb0">
         <name>uDMAIntClear</name>
         <value>0x2000d8f1</value>
         <object_component_ref idref="oc-3eb"/>
      </symbol>
      <symbol id="sm-eb1">
         <name>uDMAChannelDisable</name>
         <value>0x2000d66d</value>
         <object_component_ref idref="oc-41b"/>
      </symbol>
      <symbol id="sm-eb2">
         <name>uDMAIntUnregister</name>
         <value>0x2000d905</value>
         <object_component_ref idref="oc-421"/>
      </symbol>
      <symbol id="sm-eb3">
         <name>uDMAChannelAttributeEnable</name>
         <value>0x2000c375</value>
         <object_component_ref idref="oc-433"/>
      </symbol>
      <symbol id="sm-eb4">
         <name>uDMADisable</name>
         <value>0x2000d995</value>
         <object_component_ref idref="oc-427"/>
      </symbol>
      <symbol id="sm-eb5">
         <name>uDMAChannelTransferSet</name>
         <value>0x2000a0a9</value>
         <object_component_ref idref="oc-439"/>
      </symbol>
      <symbol id="sm-eb6">
         <name>uDMAIntStatus</name>
         <value>0x2000d9ad</value>
         <object_component_ref idref="oc-3e5"/>
      </symbol>
      <symbol id="sm-eb7">
         <name>uDMAChannelAssign</name>
         <value>0x2000c9cd</value>
         <object_component_ref idref="oc-409"/>
      </symbol>
      <symbol id="sm-eb8">
         <name>uDMAIntRegister</name>
         <value>0x2000d88b</value>
         <object_component_ref idref="oc-3f7"/>
      </symbol>
      <symbol id="sm-eb9">
         <name>uDMAEnable</name>
         <value>0x2000d9a1</value>
         <object_component_ref idref="oc-3fd"/>
      </symbol>
      <symbol id="sm-eba">
         <name>uDMAControlBaseSet</name>
         <value>0x2000d8dd</value>
         <object_component_ref idref="oc-403"/>
      </symbol>
      <symbol id="sm-ebb">
         <name>uDMAChannelAttributeDisable</name>
         <value>0x2000c311</value>
         <object_component_ref idref="oc-40f"/>
      </symbol>
      <symbol id="sm-ebc">
         <name>uDMAChannelEnable</name>
         <value>0x2000d689</value>
         <object_component_ref idref="oc-43f"/>
      </symbol>
      <symbol id="sm-ebd">
         <name>uDMAChannelRequest</name>
         <value>0x2000d6a5</value>
         <object_component_ref idref="oc-415"/>
      </symbol>
      <symbol id="sm-ec1">
         <name>UtilsDelay</name>
         <value>0x2000d9d5</value>
         <object_component_ref idref="oc-170"/>
      </symbol>
      <symbol id="sm-ecb">
         <name>CPUcpsie</name>
         <value>0x2000d8a1</value>
         <object_component_ref idref="oc-3b3"/>
      </symbol>
      <symbol id="sm-efb">
         <name>vsnprintf</name>
         <value>0x2000ce0d</value>
         <object_component_ref idref="oc-219"/>
      </symbol>
      <symbol id="sm-f0a">
         <name>__aeabi_memset</name>
         <value>0x2000bd7b</value>
         <object_component_ref idref="oc-8b"/>
      </symbol>
      <symbol id="sm-f0b">
         <name>memset</name>
         <value>0x2000bd81</value>
         <object_component_ref idref="oc-8b"/>
      </symbol>
      <symbol id="sm-f0c">
         <name>__aeabi_memset8</name>
         <value>0x2000bd7b</value>
         <object_component_ref idref="oc-8b"/>
      </symbol>
      <symbol id="sm-f0d">
         <name>__aeabi_memset4</name>
         <value>0x2000bd7b</value>
         <object_component_ref idref="oc-8b"/>
      </symbol>
      <symbol id="sm-f0e">
         <name>__aeabi_memclr8</name>
         <value>0x2000bd79</value>
         <object_component_ref idref="oc-8b"/>
      </symbol>
      <symbol id="sm-f0f">
         <name>__aeabi_memclr4</name>
         <value>0x2000bd79</value>
         <object_component_ref idref="oc-8b"/>
      </symbol>
      <symbol id="sm-f10">
         <name>__aeabi_memclr</name>
         <value>0x2000bd79</value>
         <object_component_ref idref="oc-8b"/>
      </symbol>
      <symbol id="sm-f2b">
         <name>memcpy</name>
         <value>0x2000b02d</value>
         <object_component_ref idref="oc-3d"/>
      </symbol>
      <symbol id="sm-f2c">
         <name>__aeabi_memcpy</name>
         <value>0x2000b02d</value>
         <object_component_ref idref="oc-3d"/>
      </symbol>
      <symbol id="sm-f2d">
         <name>__aeabi_memcpy8</name>
         <value>0x2000b02d</value>
         <object_component_ref idref="oc-3d"/>
      </symbol>
      <symbol id="sm-f2e">
         <name>__aeabi_memcpy4</name>
         <value>0x2000b02d</value>
         <object_component_ref idref="oc-3d"/>
      </symbol>
      <symbol id="sm-f3b">
         <name>__aeabi_uldivmod</name>
         <value>0x2000b3c5</value>
         <object_component_ref idref="oc-79e"/>
      </symbol>
      <symbol id="sm-f52">
         <name>__TI_zero_init</name>
         <value>0x2000d989</value>
         <object_component_ref idref="oc-4f"/>
      </symbol>
      <symbol id="sm-f69">
         <name>__TI_decompress_none</name>
         <value>0x2000d947</value>
         <object_component_ref idref="oc-1b"/>
      </symbol>
      <symbol id="sm-f8c">
         <name>__TI_decompress_lzss</name>
         <value>0x2000c17d</value>
         <object_component_ref idref="oc-15"/>
      </symbol>
      <symbol id="sm-f9d">
         <name>memmove</name>
         <value>0x2000d35d</value>
         <object_component_ref idref="oc-22b"/>
      </symbol>
      <symbol id="sm-103b">
         <name>_sys_memory</name>
         <value>0x20017c78</value>
         <object_component_ref idref="oc-23"/>
      </symbol>
      <symbol id="sm-103c">
         <name>free</name>
         <value>0x2000a369</value>
         <object_component_ref idref="oc-23d"/>
      </symbol>
      <symbol id="sm-103d">
         <name>realloc</name>
         <value>0x2000a44d</value>
         <object_component_ref idref="oc-237"/>
      </symbol>
      <symbol id="sm-103e">
         <name>memalign</name>
         <value>0x20009ad1</value>
         <object_component_ref idref="oc-4a8"/>
      </symbol>
      <symbol id="sm-103f">
         <name>malloc</name>
         <value>0x2000d9cd</value>
         <object_component_ref idref="oc-231"/>
      </symbol>
      <symbol id="sm-1040">
         <name>aligned_alloc</name>
         <value>0x20009ad1</value>
         <object_component_ref idref="oc-4a8"/>
      </symbol>
      <symbol id="sm-104e">
         <name>strlen</name>
         <value>0x2000d8c9</value>
         <object_component_ref idref="oc-17e"/>
      </symbol>
      <symbol id="sm-1066">
         <name>strtok</name>
         <value>0x2000cdcd</value>
         <object_component_ref idref="oc-121"/>
      </symbol>
      <symbol id="sm-1086">
         <name>strtoul</name>
         <value>0x200099c1</value>
         <object_component_ref idref="oc-127"/>
      </symbol>
      <symbol id="sm-109c">
         <name>__aeabi_errno_addr</name>
         <value>0x2000d9c5</value>
         <object_component_ref idref="oc-336"/>
      </symbol>
      <symbol id="sm-109d">
         <name>errno</name>
         <value>0x20018584</value>
         <object_component_ref idref="oc-602"/>
      </symbol>
      <symbol id="sm-10af">
         <name>__stack</name>
         <value>0x2002f800</value>
         <object_component_ref idref="oc-26"/>
      </symbol>
      <symbol id="sm-10b0">
         <name>_c_int00_noargs</name>
         <value>0x2000d43d</value>
         <object_component_ref idref="oc-5b"/>
      </symbol>
      <symbol id="sm-1215">
         <name>__TI_printfi</name>
         <value>0x200059f5</value>
         <object_component_ref idref="oc-486"/>
      </symbol>
      <symbol id="sm-121f">
         <name>__aeabi_idiv0</name>
         <value>0x2000963b</value>
         <object_component_ref idref="oc-863"/>
      </symbol>
      <symbol id="sm-1220">
         <name>__aeabi_ldiv0</name>
         <value>0x2000963b</value>
         <object_component_ref idref="oc-863"/>
      </symbol>
      <symbol id="sm-1237">
         <name>__aeabi_dsub</name>
         <value>0x200084e1</value>
         <object_component_ref idref="oc-7c4"/>
      </symbol>
      <symbol id="sm-1238">
         <name>__aeabi_dadd</name>
         <value>0x200084eb</value>
         <object_component_ref idref="oc-7c4"/>
      </symbol>
      <symbol id="sm-125a">
         <name>__aeabi_cdcmpeq</name>
         <value>0x2000b9e5</value>
         <object_component_ref idref="oc-6b5"/>
      </symbol>
      <symbol id="sm-125b">
         <name>__aeabi_cdcmple</name>
         <value>0x2000b9e5</value>
         <object_component_ref idref="oc-6b5"/>
      </symbol>
      <symbol id="sm-125c">
         <name>__aeabi_cdrcmple</name>
         <value>0x2000ba6b</value>
         <object_component_ref idref="oc-7af"/>
      </symbol>
      <symbol id="sm-1270">
         <name>__aeabi_ddiv</name>
         <value>0x20009505</value>
         <object_component_ref idref="oc-7aa"/>
      </symbol>
      <symbol id="sm-127b">
         <name>__aeabi_dmul</name>
         <value>0x20009cdd</value>
         <object_component_ref idref="oc-7a5"/>
      </symbol>
      <symbol id="sm-1285">
         <name>__aeabi_d2iz</name>
         <value>0x2000caa9</value>
         <object_component_ref idref="oc-7b4"/>
      </symbol>
      <symbol id="sm-128f">
         <name>__aeabi_i2d</name>
         <value>0x2000d161</value>
         <object_component_ref idref="oc-7bf"/>
      </symbol>
      <symbol id="sm-12b7">
         <name>__TI_auto_init_nobinit_nopinit</name>
         <value>0x2000cc01</value>
         <object_component_ref idref="oc-1d5"/>
      </symbol>
      <symbol id="sm-12c1">
         <name>_system_pre_init</name>
         <value>0x2000d9db</value>
         <object_component_ref idref="oc-91"/>
      </symbol>
      <symbol id="sm-12cd">
         <name>C$$EXIT</name>
         <value>0x2000d9df</value>
         <object_component_ref idref="oc-1c9"/>
      </symbol>
      <symbol id="sm-12ce">
         <name>abort</name>
         <value>0x2000d9df</value>
         <object_component_ref idref="oc-1c9"/>
      </symbol>
      <symbol id="sm-12e3">
         <name>_nop</name>
         <value>0x20008697</value>
         <object_component_ref idref="oc-688"/>
      </symbol>
      <symbol id="sm-12e4">
         <name>_lock</name>
         <value>0x2001856c</value>
         <object_component_ref idref="oc-45b"/>
      </symbol>
      <symbol id="sm-12e5">
         <name>_unlock</name>
         <value>0x20018570</value>
         <object_component_ref idref="oc-45b"/>
      </symbol>
      <symbol id="sm-12f4">
         <name>__TI_ltoa</name>
         <value>0x2000c705</value>
         <object_component_ref idref="oc-7b9"/>
      </symbol>
      <symbol id="sm-130b">
         <name>atoi</name>
         <value>0x2000c981</value>
         <object_component_ref idref="oc-6a9"/>
      </symbol>
      <symbol id="sm-1316">
         <name>_ctypes_</name>
         <value>0x2000d9e4</value>
         <object_component_ref idref="oc-33c"/>
      </symbol>
      <symbol id="sm-1326">
         <name>memccpy</name>
         <value>0x2000d635</value>
         <object_component_ref idref="oc-6d2"/>
      </symbol>
      <symbol id="sm-1336">
         <name>strchr</name>
         <value>0x2000d875</value>
         <object_component_ref idref="oc-7f0"/>
      </symbol>
      <symbol id="sm-1347">
         <name>strcspn</name>
         <value>0x2000d461</value>
         <object_component_ref idref="oc-32b"/>
      </symbol>
      <symbol id="sm-1359">
         <name>strspn</name>
         <value>0x2000d269</value>
         <object_component_ref idref="oc-325"/>
      </symbol>
      <symbol id="sm-1379">
         <name>frexpl</name>
         <value>0x2000c4f9</value>
         <object_component_ref idref="oc-7e4"/>
      </symbol>
      <symbol id="sm-137a">
         <name>frexp</name>
         <value>0x2000c4f9</value>
         <object_component_ref idref="oc-7e4"/>
      </symbol>
      <symbol id="sm-1398">
         <name>scalbn</name>
         <value>0x2000a6f1</value>
         <object_component_ref idref="oc-7ea"/>
      </symbol>
      <symbol id="sm-1399">
         <name>scalbnl</name>
         <value>0x2000a6f1</value>
         <object_component_ref idref="oc-7ea"/>
      </symbol>
      <symbol id="sm-139a">
         <name>ldexpl</name>
         <value>0x2000a6f1</value>
         <object_component_ref idref="oc-7ea"/>
      </symbol>
      <symbol id="sm-139b">
         <name>ldexp</name>
         <value>0x2000a6f1</value>
         <object_component_ref idref="oc-7ea"/>
      </symbol>
      <symbol id="sm-13b4">
         <name>wcslen</name>
         <value>0x2000d917</value>
         <object_component_ref idref="oc-6d8"/>
      </symbol>
      <symbol id="sm-13be">
         <name>copysign</name>
         <value>0x2000d97d</value>
         <object_component_ref idref="oc-87c"/>
      </symbol>
      <symbol id="sm-13bf">
         <name>copysignl</name>
         <value>0x2000d97d</value>
         <object_component_ref idref="oc-87c"/>
      </symbol>
      <symbol id="sm-13c0">
         <name>__TI_static_base__</name>
         <value>0x2000dfc8</value>
      </symbol>
      <symbol id="sm-13c3">
         <name>__mpu_init</name>
         <value>0x0</value>
      </symbol>
      <symbol id="sm-13c4">
         <name>_system_post_cinit</name>
         <value>0x0</value>
      </symbol>
   </symbol_table>
   <title>Link successful</title>
</link_info>
